14:07:49 **** Build of project hello_world_bsp ****
make -k all 
libgen -hw ../basic_system_hw_platform/system.xml\
	       \
	       -pe microblaze_0 \
	       -log libgen.log \
	       system.mss
libgen
Xilinx EDK 14.6 Build EDK_P.68d
Copyright (c) 1995-2012 Xilinx, Inc.  All rights reserved.

Command Line: libgen -hw ../basic_system_hw_platform/system.xml -pe microblaze_0
-log libgen.log system.mss 


Staging source files.
Running DRCs.
Running generate.
Running post_generate.
Running include - 'make -s include "COMPILER=mb-gcc" "ARCHIVER=mb-ar"
"COMPILER_FLAGS=-mlittle-endian -mno-xl-soft-mul -mxl-barrel-shift
-mxl-pattern-compare -mcpu=v8.50.b  -O2 -c" "EXTRA_COMPILER_FLAGS=-g
-ffunction-sections -fdata-sections"'.

Running libs - 'make -s libs "COMPILER=mb-gcc" "ARCHIVER=mb-ar"
"COMPILER_FLAGS=-mlittle-endian -mno-xl-soft-mul -mxl-barrel-shift
-mxl-pattern-compare -mcpu=v8.50.b  -O2 -c" "EXTRA_COMPILER_FLAGS=-g
-ffunction-sections -fdata-sections"'.
Compiling common
Compiling standalone
Compiling uartlite
Compiling gpio
Compiling bram
Compiling cpu
Running execs_generate.
Finished building libraries
14:07:57 **** Build of configuration Debug for project hello_world ****
make all 
Building file: ../src/helloworld.c
Invoking: MicroBlaze gcc compiler
mb-gcc -Wall -O0 -g3 -c -fmessage-length=0 -I../../hello_world_bsp/microblaze_0/include -mlittle-endian -mxl-barrel-shift -mxl-pattern-compare -mcpu=v8.50.b -mno-xl-soft-mul -Wl,--no-relax -ffunction-sections -fdata-sections -MMD -MP -MF"src/helloworld.d" -MT"src/helloworld.d" -o "src/helloworld.o" "../src/helloworld.c"
cygwin warning:
  MS-DOS style path detected: D:\users\ra123_2013\basic_system\SDK\SDK_Workspace\hello_world\Debug
  Preferred POSIX equivalent is: /cygdrive/d/users/ra123_2013/basic_system/SDK/SDK_Workspace/hello_world/Debug
  CYGWIN environment variable option "nodosfilewarning" turns off this warning.
  Consult the user's guide for more details about POSIX paths:
    http://cygwin.com/cygwin-ug-net/using.html#using-pathnames
Finished building: ../src/helloworld.c
 
Building file: ../src/platform.c
Invoking: MicroBlaze gcc compiler
mb-gcc -Wall -O0 -g3 -c -fmessage-length=0 -I../../hello_world_bsp/microblaze_0/include -mlittle-endian -mxl-barrel-shift -mxl-pattern-compare -mcpu=v8.50.b -mno-xl-soft-mul -Wl,--no-relax -ffunction-sections -fdata-sections -MMD -MP -MF"src/platform.d" -MT"src/platform.d" -o "src/platform.o" "../src/platform.c"
cygwin warning:
  MS-DOS style path detected: D:\users\ra123_2013\basic_system\SDK\SDK_Workspace\hello_world\Debug
  Preferred POSIX equivalent is: /cygdrive/d/users/ra123_2013/basic_system/SDK/SDK_Workspace/hello_world/Debug
  CYGWIN environment variable option "nodosfilewarning" turns off this warning.
  Consult the user's guide for more details about POSIX paths:
    http://cygwin.com/cygwin-ug-net/using.html#using-pathnames
Finished building: ../src/platform.c
 
Building target: hello_world.elf
Invoking: MicroBlaze gcc linker
mb-gcc -Wl,-T -Wl,../src/lscript.ld -L../../hello_world_bsp/microblaze_0/lib -mlittle-endian -mxl-barrel-shift -mxl-pattern-compare -mcpu=v8.50.b -mno-xl-soft-mul -Wl,--no-relax -Wl,--gc-sections -o "hello_world.elf"  ./src/helloworld.o ./src/platform.o   -Wl,--start-group,-lxil,-lgcc,-lc,--end-group
cygwin warning:
  MS-DOS style path detected: D:\users\ra123_2013\basic_system\SDK\SDK_Workspace\hello_world\Debug
  Preferred POSIX equivalent is: /cygdrive/d/users/ra123_2013/basic_system/SDK/SDK_Workspace/hello_world/Debug
  CYGWIN environment variable option "nodosfilewarning" turns off this warning.
  Consult the user's guide for more details about POSIX paths:
    http://cygwin.com/cygwin-ug-net/using.html#using-pathnames
Finished building target: hello_world.elf
 
Invoking: MicroBlaze Print Size
mb-size hello_world.elf  |tee "hello_world.elf.size"
cygwin warning:
  MS-DOS style path detected: D:\users\ra123_2013\basic_system\SDK\SDK_Workspace\hello_world\Debug
  Preferred POSIX equivalent is: /cygdrive/d/users/ra123_2013/basic_system/SDK/SDK_Workspace/hello_world/Debug
  CYGWIN environment variable option "nodosfilewarning" turns off this warning.
  Consult the user's guide for more details about POSIX paths:
    http://cygwin.com/cygwin-ug-net/using.html#using-pathnames
   text	   data	    bss	    dec	    hex	filename
   2174	    268	   2080	   4522	   11aa	hello_world.elf
Finished building: hello_world.elf.size
 
Invoking: Xilinx ELF Check
elfcheck hello_world.elf -hw ../../basic_system_hw_platform/system.xml -pe microblaze_0  |tee "hello_world.elf.elfcheck"
cygwin warning:
  MS-DOS style path detected: D:\users\ra123_2013\basic_system\SDK\SDK_Workspace\hello_world\Debug
  Preferred POSIX equivalent is: /cygdrive/d/users/ra123_2013/basic_system/SDK/SDK_Workspace/hello_world/Debug
  CYGWIN environment variable option "nodosfilewarning" turns off this warning.
  Consult the user's guide for more details about POSIX paths:
    http://cygwin.com/cygwin-ug-net/using.html#using-pathnames
elfcheck
Xilinx EDK 14.6 Build EDK_P.68d
Copyright (c) 1995-2012 Xilinx, Inc.  All rights reserved.

Command Line: elfcheck -hw ../../basic_system_hw_platform/system.xml -pe
microblaze_0 hello_world.elf 

ELF file	: hello_world.elf
elfcheck passed.
Finished building: hello_world.elf.elfcheck
 
14:08:18 **** Auto Build of project hello_world_bsp ****
make -k all 
Finished building libraries
14:08:31 **** Auto Build of configuration Debug for project hello_world ****
make all 
Building file: ../src/helloworld.c
Invoking: MicroBlaze gcc compiler
mb-gcc -Wall -O0 -g3 -c -fmessage-length=0 -I../../hello_world_bsp/microblaze_0/include -mlittle-endian -mxl-barrel-shift -mxl-pattern-compare -mcpu=v8.50.b -mno-xl-soft-mul -Wl,--no-relax -ffunction-sections -fdata-sections -MMD -MP -MF"src/helloworld.d" -MT"src/helloworld.d" -o "src/helloworld.o" "../src/helloworld.c"
cygwin warning:
  MS-DOS style path detected: D:\users\ra123_2013\basic_system\SDK\SDK_Workspace\hello_world\Debug
  Preferred POSIX equivalent is: /cygdrive/d/users/ra123_2013/basic_system/SDK/SDK_Workspace/hello_world/Debug
  CYGWIN environment variable option "nodosfilewarning" turns off this warning.
  Consult the user's guide for more details about POSIX paths:
    http://cygwin.com/cygwin-ug-net/using.html#using-pathnames
Finished building: ../src/helloworld.c
 
Building target: hello_world.elf
Invoking: MicroBlaze gcc linker
mb-gcc -Wl,-T -Wl,../src/lscript.ld -L../../hello_world_bsp/microblaze_0/lib -mlittle-endian -mxl-barrel-shift -mxl-pattern-compare -mcpu=v8.50.b -mno-xl-soft-mul -Wl,--no-relax -Wl,--gc-sections -o "hello_world.elf"  ./src/helloworld.o ./src/platform.o   -Wl,--start-group,-lxil,-lgcc,-lc,--end-group
cygwin warning:
  MS-DOS style path detected: D:\users\ra123_2013\basic_system\SDK\SDK_Workspace\hello_world\Debug
  Preferred POSIX equivalent is: /cygdrive/d/users/ra123_2013/basic_system/SDK/SDK_Workspace/hello_world/Debug
  CYGWIN environment variable option "nodosfilewarning" turns off this warning.
  Consult the user's guide for more details about POSIX paths:
    http://cygwin.com/cygwin-ug-net/using.html#using-pathnames
Finished building target: hello_world.elf
 
Invoking: MicroBlaze Print Size
mb-size hello_world.elf  |tee "hello_world.elf.size"
cygwin warning:
  MS-DOS style path detected: D:\users\ra123_2013\basic_system\SDK\SDK_Workspace\hello_world\Debug
  Preferred POSIX equivalent is: /cygdrive/d/users/ra123_2013/basic_system/SDK/SDK_Workspace/hello_world/Debug
  CYGWIN environment variable option "nodosfilewarning" turns off this warning.
  Consult the user's guide for more details about POSIX paths:
    http://cygwin.com/cygwin-ug-net/using.html#using-pathnames
   text	   data	    bss	    dec	    hex	filename
   2150	    268	   2080	   4498	   1192	hello_world.elf
Finished building: hello_world.elf.size
 
Invoking: Xilinx ELF Check
elfcheck hello_world.elf -hw ../../basic_system_hw_platform/system.xml -pe microblaze_0  |tee "hello_world.elf.elfcheck"
cygwin warning:
  MS-DOS style path detected: D:\users\ra123_2013\basic_system\SDK\SDK_Workspace\hello_world\Debug
  Preferred POSIX equivalent is: /cygdrive/d/users/ra123_2013/basic_system/SDK/SDK_Workspace/hello_world/Debug
  CYGWIN environment variable option "nodosfilewarning" turns off this warning.
  Consult the user's guide for more details about POSIX paths:
    http://cygwin.com/cygwin-ug-net/using.html#using-pathnames
elfcheck
Xilinx EDK 14.6 Build EDK_P.68d
Copyright (c) 1995-2012 Xilinx, Inc.  All rights reserved.

Command Line: elfcheck -hw ../../basic_system_hw_platform/system.xml -pe
microblaze_0 hello_world.elf 

ELF file	: hello_world.elf
elfcheck passed.
Finished building: hello_world.elf.elfcheck
 
14:08:36 **** Incremental Build of configuration Debug for project hello_world ****
make all 
make: Nothing to be done for `all'.
14:08:49 **** Incremental Build of configuration Debug for project hello_world ****
make all 
make: Nothing to be done for `all'.
14:10:08 **** Auto Build of project hello_world_bsp ****
make -k all 
Finished building libraries
14:30:07 **** Auto Build of project hello_world_bsp ****
make -k all 
Finished building libraries
14:30:09 **** Clean-only build of project hello_world_bsp ****
make -k clean 
rm -rf microblaze_0
14:30:10 **** Clean-only build of configuration Debug for project hello_world ****
make clean 
rm -rf  ./src/helloworld.o ./src/platform.o  ./src/helloworld.d ./src/platform.d  hello_world.elf.size  hello_world.elf.elfcheck  hello_world.elf
 
14:30:10 **** Build of project hello_world_bsp ****
make -k all 
libgen -hw ../basic_system_hw_platform/system.xml\
	       \
	       -pe microblaze_0 \
	       -log libgen.log \
	       system.mss
libgen
Xilinx EDK 14.6 Build EDK_P.68d
Copyright (c) 1995-2012 Xilinx, Inc.  All rights reserved.

Command Line: libgen -hw ../basic_system_hw_platform/system.xml -pe microblaze_0
-log libgen.log system.mss 


Staging source files.
Running DRCs.
Running generate.
Running post_generate.
Running include - 'make -s include "COMPILER=mb-gcc" "ARCHIVER=mb-ar"
"COMPILER_FLAGS=-mlittle-endian -mno-xl-soft-mul -mxl-barrel-shift
-mxl-pattern-compare -mcpu=v8.50.b  -O2 -c" "EXTRA_COMPILER_FLAGS=-g
-ffunction-sections -fdata-sections"'.

Running libs - 'make -s libs "COMPILER=mb-gcc" "ARCHIVER=mb-ar"
"COMPILER_FLAGS=-mlittle-endian -mno-xl-soft-mul -mxl-barrel-shift
-mxl-pattern-compare -mcpu=v8.50.b  -O2 -c" "EXTRA_COMPILER_FLAGS=-g
-ffunction-sections -fdata-sections"'.
Compiling common
Compiling standalone
Compiling uartlite
Compiling bram
Compiling cpu
Running execs_generate.
Finished building libraries
14:30:17 **** Build of configuration Debug for project hello_world ****
make all 
Building file: ../src/helloworld.c
Invoking: MicroBlaze gcc compiler
mb-gcc -Wall -O0 -g3 -c -fmessage-length=0 -I../../hello_world_bsp/microblaze_0/include -mlittle-endian -mxl-barrel-shift -mxl-pattern-compare -mcpu=v8.50.b -mno-xl-soft-mul -Wl,--no-relax -ffunction-sections -fdata-sections -MMD -MP -MF"src/helloworld.d" -MT"src/helloworld.d" -o "src/helloworld.o" "../src/helloworld.c"
cygwin warning:
  MS-DOS style path detected: D:\users\ra123_2013\basic_system\SDK\SDK_Workspace\hello_world\Debug
  Preferred POSIX equivalent is: /cygdrive/d/users/ra123_2013/basic_system/SDK/SDK_Workspace/hello_world/Debug
  CYGWIN environment variable option "nodosfilewarning" turns off this warning.
  Consult the user's guide for more details about POSIX paths:
    http://cygwin.com/cygwin-ug-net/using.html#using-pathnames
Finished building: ../src/helloworld.c
 
Building file: ../src/platform.c
Invoking: MicroBlaze gcc compiler
mb-gcc -Wall -O0 -g3 -c -fmessage-length=0 -I../../hello_world_bsp/microblaze_0/include -mlittle-endian -mxl-barrel-shift -mxl-pattern-compare -mcpu=v8.50.b -mno-xl-soft-mul -Wl,--no-relax -ffunction-sections -fdata-sections -MMD -MP -MF"src/platform.d" -MT"src/platform.d" -o "src/platform.o" "../src/platform.c"
cygwin warning:
  MS-DOS style path detected: D:\users\ra123_2013\basic_system\SDK\SDK_Workspace\hello_world\Debug
  Preferred POSIX equivalent is: /cygdrive/d/users/ra123_2013/basic_system/SDK/SDK_Workspace/hello_world/Debug
  CYGWIN environment variable option "nodosfilewarning" turns off this warning.
  Consult the user's guide for more details about POSIX paths:
    http://cygwin.com/cygwin-ug-net/using.html#using-pathnames
Finished building: ../src/platform.c
 
Building target: hello_world.elf
Invoking: MicroBlaze gcc linker
mb-gcc -Wl,-T -Wl,../src/lscript.ld -L../../hello_world_bsp/microblaze_0/lib -mlittle-endian -mxl-barrel-shift -mxl-pattern-compare -mcpu=v8.50.b -mno-xl-soft-mul -Wl,--no-relax -Wl,--gc-sections -o "hello_world.elf"  ./src/helloworld.o ./src/platform.o   -Wl,--start-group,-lxil,-lgcc,-lc,--end-group
cygwin warning:
  MS-DOS style path detected: D:\users\ra123_2013\basic_system\SDK\SDK_Workspace\hello_world\Debug
  Preferred POSIX equivalent is: /cygdrive/d/users/ra123_2013/basic_system/SDK/SDK_Workspace/hello_world/Debug
  CYGWIN environment variable option "nodosfilewarning" turns off this warning.
  Consult the user's guide for more details about POSIX paths:
    http://cygwin.com/cygwin-ug-net/using.html#using-pathnames
Finished building target: hello_world.elf
 
Invoking: MicroBlaze Print Size
mb-size hello_world.elf  |tee "hello_world.elf.size"
cygwin warning:
  MS-DOS style path detected: D:\users\ra123_2013\basic_system\SDK\SDK_Workspace\hello_world\Debug
  Preferred POSIX equivalent is: /cygdrive/d/users/ra123_2013/basic_system/SDK/SDK_Workspace/hello_world/Debug
  CYGWIN environment variable option "nodosfilewarning" turns off this warning.
  Consult the user's guide for more details about POSIX paths:
    http://cygwin.com/cygwin-ug-net/using.html#using-pathnames
   text	   data	    bss	    dec	    hex	filename
   2150	    268	   2080	   4498	   1192	hello_world.elf
Finished building: hello_world.elf.size
 
Invoking: Xilinx ELF Check
elfcheck hello_world.elf -hw ../../basic_system_hw_platform/system.xml -pe microblaze_0  |tee "hello_world.elf.elfcheck"
cygwin warning:
  MS-DOS style path detected: D:\users\ra123_2013\basic_system\SDK\SDK_Workspace\hello_world\Debug
  Preferred POSIX equivalent is: /cygdrive/d/users/ra123_2013/basic_system/SDK/SDK_Workspace/hello_world/Debug
  CYGWIN environment variable option "nodosfilewarning" turns off this warning.
  Consult the user's guide for more details about POSIX paths:
    http://cygwin.com/cygwin-ug-net/using.html#using-pathnames
elfcheck
Xilinx EDK 14.6 Build EDK_P.68d
Copyright (c) 1995-2012 Xilinx, Inc.  All rights reserved.

Command Line: elfcheck -hw ../../basic_system_hw_platform/system.xml -pe
microblaze_0 hello_world.elf 

ELF file	: hello_world.elf
elfcheck passed.
Finished building: hello_world.elf.elfcheck
 
14:30:21 **** Auto Build of configuration Debug for project hello_world ****
make all 
Building file: ../src/helloworld.c
Invoking: MicroBlaze gcc compiler
mb-gcc -Wall -O0 -g3 -c -fmessage-length=0 -I../../hello_world_bsp/microblaze_0/include -mlittle-endian -mxl-barrel-shift -mxl-pattern-compare -mcpu=v8.50.b -mno-xl-soft-mul -Wl,--no-relax -ffunction-sections -fdata-sections -MMD -MP -MF"src/helloworld.d" -MT"src/helloworld.d" -o "src/helloworld.o" "../src/helloworld.c"
cygwin warning:
  MS-DOS style path detected: D:\users\ra123_2013\basic_system\SDK\SDK_Workspace\hello_world\Debug
  Preferred POSIX equivalent is: /cygdrive/d/users/ra123_2013/basic_system/SDK/SDK_Workspace/hello_world/Debug
  CYGWIN environment variable option "nodosfilewarning" turns off this warning.
  Consult the user's guide for more details about POSIX paths:
    http://cygwin.com/cygwin-ug-net/using.html#using-pathnames
../src/helloworld.c: In function 'main':
../src/helloworld.c:41:3: warning: implicit declaration of function 'xil_printf' [-Wimplicit-function-declaration]
Finished building: ../src/helloworld.c
 
Building target: hello_world.elf
Invoking: MicroBlaze gcc linker
mb-gcc -Wl,-T -Wl,../src/lscript.ld -L../../hello_world_bsp/microblaze_0/lib -mlittle-endian -mxl-barrel-shift -mxl-pattern-compare -mcpu=v8.50.b -mno-xl-soft-mul -Wl,--no-relax -Wl,--gc-sections -o "hello_world.elf"  ./src/helloworld.o ./src/platform.o   -Wl,--start-group,-lxil,-lgcc,-lc,--end-group
cygwin warning:
  MS-DOS style path detected: D:\users\ra123_2013\basic_system\SDK\SDK_Workspace\hello_world\Debug
  Preferred POSIX equivalent is: /cygdrive/d/users/ra123_2013/basic_system/SDK/SDK_Workspace/hello_world/Debug
  CYGWIN environment variable option "nodosfilewarning" turns off this warning.
  Consult the user's guide for more details about POSIX paths:
    http://cygwin.com/cygwin-ug-net/using.html#using-pathnames
Finished building target: hello_world.elf
 
Invoking: MicroBlaze Print Size
mb-size hello_world.elf  |tee "hello_world.elf.size"
cygwin warning:
  MS-DOS style path detected: D:\users\ra123_2013\basic_system\SDK\SDK_Workspace\hello_world\Debug
  Preferred POSIX equivalent is: /cygdrive/d/users/ra123_2013/basic_system/SDK/SDK_Workspace/hello_world/Debug
  CYGWIN environment variable option "nodosfilewarning" turns off this warning.
  Consult the user's guide for more details about POSIX paths:
    http://cygwin.com/cygwin-ug-net/using.html#using-pathnames
   text	   data	    bss	    dec	    hex	filename
   4958	    272	   2080	   7310	   1c8e	hello_world.elf
Finished building: hello_world.elf.size
 
Invoking: Xilinx ELF Check
elfcheck hello_world.elf -hw ../../basic_system_hw_platform/system.xml -pe microblaze_0  |tee "hello_world.elf.elfcheck"
cygwin warning:
  MS-DOS style path detected: D:\users\ra123_2013\basic_system\SDK\SDK_Workspace\hello_world\Debug
  Preferred POSIX equivalent is: /cygdrive/d/users/ra123_2013/basic_system/SDK/SDK_Workspace/hello_world/Debug
  CYGWIN environment variable option "nodosfilewarning" turns off this warning.
  Consult the user's guide for more details about POSIX paths:
    http://cygwin.com/cygwin-ug-net/using.html#using-pathnames
elfcheck
Xilinx EDK 14.6 Build EDK_P.68d
Copyright (c) 1995-2012 Xilinx, Inc.  All rights reserved.

Command Line: elfcheck -hw ../../basic_system_hw_platform/system.xml -pe
microblaze_0 hello_world.elf 

ELF file	: hello_world.elf
elfcheck passed.
Finished building: hello_world.elf.elfcheck
 
14:30:28 **** Incremental Build of configuration Debug for project hello_world ****
make all 
make: Nothing to be done for `all'.
14:30:52 **** Incremental Build of configuration Debug for project hello_world ****
make all 
make: Nothing to be done for `all'.
14:32:42 **** Auto Build of configuration Debug for project hello_world ****
make all 
Building file: ../src/helloworld.c
Invoking: MicroBlaze gcc compiler
mb-gcc -Wall -O0 -g3 -c -fmessage-length=0 -I../../hello_world_bsp/microblaze_0/include -mlittle-endian -mxl-barrel-shift -mxl-pattern-compare -mcpu=v8.50.b -mno-xl-soft-mul -Wl,--no-relax -ffunction-sections -fdata-sections -MMD -MP -MF"src/helloworld.d" -MT"src/helloworld.d" -o "src/helloworld.o" "../src/helloworld.c"
cygwin warning:
  MS-DOS style path detected: D:\users\ra123_2013\basic_system\SDK\SDK_Workspace\hello_world\Debug
  Preferred POSIX equivalent is: /cygdrive/d/users/ra123_2013/basic_system/SDK/SDK_Workspace/hello_world/Debug
  CYGWIN environment variable option "nodosfilewarning" turns off this warning.
  Consult the user's guide for more details about POSIX paths:
    http://cygwin.com/cygwin-ug-net/using.html#using-pathnames
../src/helloworld.c: In function 'main':
../src/helloworld.c:49:7: warning: implicit declaration of function 'xil_printf' [-Wimplicit-function-declaration]
Finished building: ../src/helloworld.c
 
Building target: hello_world.elf
Invoking: MicroBlaze gcc linker
mb-gcc -Wl,-T -Wl,../src/lscript.ld -L../../hello_world_bsp/microblaze_0/lib -mlittle-endian -mxl-barrel-shift -mxl-pattern-compare -mcpu=v8.50.b -mno-xl-soft-mul -Wl,--no-relax -Wl,--gc-sections -o "hello_world.elf"  ./src/helloworld.o ./src/platform.o   -Wl,--start-group,-lxil,-lgcc,-lc,--end-group
cygwin warning:
  MS-DOS style path detected: D:\users\ra123_2013\basic_system\SDK\SDK_Workspace\hello_world\Debug
  Preferred POSIX equivalent is: /cygdrive/d/users/ra123_2013/basic_system/SDK/SDK_Workspace/hello_world/Debug
  CYGWIN environment variable option "nodosfilewarning" turns off this warning.
  Consult the user's guide for more details about POSIX paths:
    http://cygwin.com/cygwin-ug-net/using.html#using-pathnames
Finished building target: hello_world.elf
 
Invoking: MicroBlaze Print Size
mb-size hello_world.elf  |tee "hello_world.elf.size"
cygwin warning:
  MS-DOS style path detected: D:\users\ra123_2013\basic_system\SDK\SDK_Workspace\hello_world\Debug
  Preferred POSIX equivalent is: /cygdrive/d/users/ra123_2013/basic_system/SDK/SDK_Workspace/hello_world/Debug
  CYGWIN environment variable option "nodosfilewarning" turns off this warning.
  Consult the user's guide for more details about POSIX paths:
    http://cygwin.com/cygwin-ug-net/using.html#using-pathnames
   text	   data	    bss	    dec	    hex	filename
   4926	    272	   2080	   7278	   1c6e	hello_world.elf
Finished building: hello_world.elf.size
 
Invoking: Xilinx ELF Check
elfcheck hello_world.elf -hw ../../basic_system_hw_platform/system.xml -pe microblaze_0  |tee "hello_world.elf.elfcheck"
cygwin warning:
  MS-DOS style path detected: D:\users\ra123_2013\basic_system\SDK\SDK_Workspace\hello_world\Debug
  Preferred POSIX equivalent is: /cygdrive/d/users/ra123_2013/basic_system/SDK/SDK_Workspace/hello_world/Debug
  CYGWIN environment variable option "nodosfilewarning" turns off this warning.
  Consult the user's guide for more details about POSIX paths:
    http://cygwin.com/cygwin-ug-net/using.html#using-pathnames
elfcheck
Xilinx EDK 14.6 Build EDK_P.68d
Copyright (c) 1995-2012 Xilinx, Inc.  All rights reserved.

Command Line: elfcheck -hw ../../basic_system_hw_platform/system.xml -pe
microblaze_0 hello_world.elf 

ELF file	: hello_world.elf
elfcheck passed.
Finished building: hello_world.elf.elfcheck
 
14:32:47 **** Incremental Build of configuration Debug for project hello_world ****
make all 
make: Nothing to be done for `all'.
14:33:08 **** Incremental Build of configuration Debug for project hello_world ****
make all 
make: Nothing to be done for `all'.
14:33:26 **** Auto Build of configuration Debug for project hello_world ****
make all 
Building file: ../src/helloworld.c
Invoking: MicroBlaze gcc compiler
mb-gcc -Wall -O0 -g3 -c -fmessage-length=0 -I../../hello_world_bsp/microblaze_0/include -mlittle-endian -mxl-barrel-shift -mxl-pattern-compare -mcpu=v8.50.b -mno-xl-soft-mul -Wl,--no-relax -ffunction-sections -fdata-sections -MMD -MP -MF"src/helloworld.d" -MT"src/helloworld.d" -o "src/helloworld.o" "../src/helloworld.c"
cygwin warning:
  MS-DOS style path detected: D:\users\ra123_2013\basic_system\SDK\SDK_Workspace\hello_world\Debug
  Preferred POSIX equivalent is: /cygdrive/d/users/ra123_2013/basic_system/SDK/SDK_Workspace/hello_world/Debug
  CYGWIN environment variable option "nodosfilewarning" turns off this warning.
  Consult the user's guide for more details about POSIX paths:
    http://cygwin.com/cygwin-ug-net/using.html#using-pathnames
../src/helloworld.c: In function 'main':
../src/helloworld.c:49:7: warning: implicit declaration of function 'xil_printf' [-Wimplicit-function-declaration]
../src/helloworld.c:39:16: warning: variable 'OldData' set but not used [-Wunused-but-set-variable]
Finished building: ../src/helloworld.c
 
Building target: hello_world.elf
Invoking: MicroBlaze gcc linker
mb-gcc -Wl,-T -Wl,../src/lscript.ld -L../../hello_world_bsp/microblaze_0/lib -mlittle-endian -mxl-barrel-shift -mxl-pattern-compare -mcpu=v8.50.b -mno-xl-soft-mul -Wl,--no-relax -Wl,--gc-sections -o "hello_world.elf"  ./src/helloworld.o ./src/platform.o   -Wl,--start-group,-lxil,-lgcc,-lc,--end-group
cygwin warning:
  MS-DOS style path detected: D:\users\ra123_2013\basic_system\SDK\SDK_Workspace\hello_world\Debug
  Preferred POSIX equivalent is: /cygdrive/d/users/ra123_2013/basic_system/SDK/SDK_Workspace/hello_world/Debug
  CYGWIN environment variable option "nodosfilewarning" turns off this warning.
  Consult the user's guide for more details about POSIX paths:
    http://cygwin.com/cygwin-ug-net/using.html#using-pathnames
Finished building target: hello_world.elf
 
Invoking: MicroBlaze Print Size
mb-size hello_world.elf  |tee "hello_world.elf.size"
cygwin warning:
  MS-DOS style path detected: D:\users\ra123_2013\basic_system\SDK\SDK_Workspace\hello_world\Debug
  Preferred POSIX equivalent is: /cygdrive/d/users/ra123_2013/basic_system/SDK/SDK_Workspace/hello_world/Debug
  CYGWIN environment variable option "nodosfilewarning" turns off this warning.
  Consult the user's guide for more details about POSIX paths:
    http://cygwin.com/cygwin-ug-net/using.html#using-pathnames
   text	   data	    bss	    dec	    hex	filename
   4902	    272	   2080	   7254	   1c56	hello_world.elf
Finished building: hello_world.elf.size
 
Invoking: Xilinx ELF Check
elfcheck hello_world.elf -hw ../../basic_system_hw_platform/system.xml -pe microblaze_0  |tee "hello_world.elf.elfcheck"
cygwin warning:
  MS-DOS style path detected: D:\users\ra123_2013\basic_system\SDK\SDK_Workspace\hello_world\Debug
  Preferred POSIX equivalent is: /cygdrive/d/users/ra123_2013/basic_system/SDK/SDK_Workspace/hello_world/Debug
  CYGWIN environment variable option "nodosfilewarning" turns off this warning.
  Consult the user's guide for more details about POSIX paths:
    http://cygwin.com/cygwin-ug-net/using.html#using-pathnames
elfcheck
Xilinx EDK 14.6 Build EDK_P.68d
Copyright (c) 1995-2012 Xilinx, Inc.  All rights reserved.

Command Line: elfcheck -hw ../../basic_system_hw_platform/system.xml -pe
microblaze_0 hello_world.elf 

ELF file	: hello_world.elf
elfcheck passed.
Finished building: hello_world.elf.elfcheck
 
14:33:31 **** Incremental Build of configuration Debug for project hello_world ****
make all 
make: Nothing to be done for `all'.
14:52:16 **** Auto Build of project hello_world_bsp ****
make -k all 
Finished building libraries
14:52:34 **** Clean-only build of configuration Debug for project hello_world ****
make clean 
rm -rf  ./src/helloworld.o ./src/platform.o  ./src/helloworld.d ./src/platform.d  hello_world.elf.size  hello_world.elf.elfcheck  hello_world.elf
 
14:52:34 **** Clean-only build of project hello_world_bsp ****
make -k clean 
rm -rf microblaze_0
14:52:34 **** Build of project hello_world_bsp ****
make -k all 
libgen -hw ../basic_system_hw_platform/system.xml\
	       \
	       -pe microblaze_0 \
	       -log libgen.log \
	       system.mss
libgen
Xilinx EDK 14.6 Build EDK_P.68d
Copyright (c) 1995-2012 Xilinx, Inc.  All rights reserved.

Command Line: libgen -hw ../basic_system_hw_platform/system.xml -pe microblaze_0
-log libgen.log system.mss 


Staging source files.
Running DRCs.
Running generate.
Running post_generate.
Running include - 'make -s include "COMPILER=mb-gcc" "ARCHIVER=mb-ar"
"COMPILER_FLAGS=-mlittle-endian -mno-xl-soft-mul -mxl-barrel-shift
-mxl-pattern-compare -mcpu=v8.50.b  -O2 -c" "EXTRA_COMPILER_FLAGS=-g
-ffunction-sections -fdata-sections"'.

Running libs - 'make -s libs "COMPILER=mb-gcc" "ARCHIVER=mb-ar"
"COMPILER_FLAGS=-mlittle-endian -mno-xl-soft-mul -mxl-barrel-shift
-mxl-pattern-compare -mcpu=v8.50.b  -O2 -c" "EXTRA_COMPILER_FLAGS=-g
-ffunction-sections -fdata-sections"'.
Compiling common
Compiling standalone
Compiling uartlite
Compiling bram
Compiling cpu
Running execs_generate.
Finished building libraries
14:52:41 **** Build of configuration Debug for project hello_world ****
make all 
Building file: ../src/helloworld.c
Invoking: MicroBlaze gcc compiler
mb-gcc -Wall -O0 -g3 -c -fmessage-length=0 -I../../hello_world_bsp/microblaze_0/include -mlittle-endian -mxl-barrel-shift -mxl-pattern-compare -mcpu=v8.50.b -mno-xl-soft-mul -Wl,--no-relax -ffunction-sections -fdata-sections -MMD -MP -MF"src/helloworld.d" -MT"src/helloworld.d" -o "src/helloworld.o" "../src/helloworld.c"
cygwin warning:
  MS-DOS style path detected: D:\users\ra123_2013\basic_system\SDK\SDK_Workspace\hello_world\Debug
  Preferred POSIX equivalent is: /cygdrive/d/users/ra123_2013/basic_system/SDK/SDK_Workspace/hello_world/Debug
  CYGWIN environment variable option "nodosfilewarning" turns off this warning.
  Consult the user's guide for more details about POSIX paths:
    http://cygwin.com/cygwin-ug-net/using.html#using-pathnames
../src/helloworld.c: In function 'main':
../src/helloworld.c:49:7: warning: implicit declaration of function 'xil_printf' [-Wimplicit-function-declaration]
../src/helloworld.c:39:16: warning: variable 'OldData' set but not used [-Wunused-but-set-variable]
Finished building: ../src/helloworld.c
 
Building file: ../src/platform.c
Invoking: MicroBlaze gcc compiler
mb-gcc -Wall -O0 -g3 -c -fmessage-length=0 -I../../hello_world_bsp/microblaze_0/include -mlittle-endian -mxl-barrel-shift -mxl-pattern-compare -mcpu=v8.50.b -mno-xl-soft-mul -Wl,--no-relax -ffunction-sections -fdata-sections -MMD -MP -MF"src/platform.d" -MT"src/platform.d" -o "src/platform.o" "../src/platform.c"
cygwin warning:
  MS-DOS style path detected: D:\users\ra123_2013\basic_system\SDK\SDK_Workspace\hello_world\Debug
  Preferred POSIX equivalent is: /cygdrive/d/users/ra123_2013/basic_system/SDK/SDK_Workspace/hello_world/Debug
  CYGWIN environment variable option "nodosfilewarning" turns off this warning.
  Consult the user's guide for more details about POSIX paths:
    http://cygwin.com/cygwin-ug-net/using.html#using-pathnames
Finished building: ../src/platform.c
 
Building target: hello_world.elf
Invoking: MicroBlaze gcc linker
mb-gcc -Wl,-T -Wl,../src/lscript.ld -L../../hello_world_bsp/microblaze_0/lib -mlittle-endian -mxl-barrel-shift -mxl-pattern-compare -mcpu=v8.50.b -mno-xl-soft-mul -Wl,--no-relax -Wl,--gc-sections -o "hello_world.elf"  ./src/helloworld.o ./src/platform.o   -Wl,--start-group,-lxil,-lgcc,-lc,--end-group
cygwin warning:
  MS-DOS style path detected: D:\users\ra123_2013\basic_system\SDK\SDK_Workspace\hello_world\Debug
  Preferred POSIX equivalent is: /cygdrive/d/users/ra123_2013/basic_system/SDK/SDK_Workspace/hello_world/Debug
  CYGWIN environment variable option "nodosfilewarning" turns off this warning.
  Consult the user's guide for more details about POSIX paths:
    http://cygwin.com/cygwin-ug-net/using.html#using-pathnames
Finished building target: hello_world.elf
 
Invoking: MicroBlaze Print Size
mb-size hello_world.elf  |tee "hello_world.elf.size"
cygwin warning:
  MS-DOS style path detected: D:\users\ra123_2013\basic_system\SDK\SDK_Workspace\hello_world\Debug
  Preferred POSIX equivalent is: /cygdrive/d/users/ra123_2013/basic_system/SDK/SDK_Workspace/hello_world/Debug
  CYGWIN environment variable option "nodosfilewarning" turns off this warning.
  Consult the user's guide for more details about POSIX paths:
    http://cygwin.com/cygwin-ug-net/using.html#using-pathnames
   text	   data	    bss	    dec	    hex	filename
   4902	    272	   2080	   7254	   1c56	hello_world.elf
Finished building: hello_world.elf.size
 
Invoking: Xilinx ELF Check
elfcheck hello_world.elf -hw ../../basic_system_hw_platform/system.xml -pe microblaze_0  |tee "hello_world.elf.elfcheck"
cygwin warning:
  MS-DOS style path detected: D:\users\ra123_2013\basic_system\SDK\SDK_Workspace\hello_world\Debug
  Preferred POSIX equivalent is: /cygdrive/d/users/ra123_2013/basic_system/SDK/SDK_Workspace/hello_world/Debug
  CYGWIN environment variable option "nodosfilewarning" turns off this warning.
  Consult the user's guide for more details about POSIX paths:
    http://cygwin.com/cygwin-ug-net/using.html#using-pathnames
elfcheck
Xilinx EDK 14.6 Build EDK_P.68d
Copyright (c) 1995-2012 Xilinx, Inc.  All rights reserved.

Command Line: elfcheck -hw ../../basic_system_hw_platform/system.xml -pe
microblaze_0 hello_world.elf 

ELF file	: hello_world.elf
elfcheck passed.
Finished building: hello_world.elf.elfcheck
 
14:52:58 **** Auto Build of project hello_world_bsp ****
make -k all 
Finished building libraries
14:53:03 **** Incremental Build of configuration Debug for project hello_world ****
make all 
make: Nothing to be done for `all'.
14:53:40 **** Auto Build of configuration Debug for project hello_world ****
make all 
Building file: ../src/helloworld.c
Invoking: MicroBlaze gcc compiler
mb-gcc -Wall -O0 -g3 -c -fmessage-length=0 -I../../hello_world_bsp/microblaze_0/include -mlittle-endian -mxl-barrel-shift -mxl-pattern-compare -mcpu=v8.50.b -mno-xl-soft-mul -Wl,--no-relax -ffunction-sections -fdata-sections -MMD -MP -MF"src/helloworld.d" -MT"src/helloworld.d" -o "src/helloworld.o" "../src/helloworld.c"
cygwin warning:
  MS-DOS style path detected: D:\users\ra123_2013\basic_system\SDK\SDK_Workspace\hello_world\Debug
  Preferred POSIX equivalent is: /cygdrive/d/users/ra123_2013/basic_system/SDK/SDK_Workspace/hello_world/Debug
  CYGWIN environment variable option "nodosfilewarning" turns off this warning.
  Consult the user's guide for more details about POSIX paths:
    http://cygwin.com/cygwin-ug-net/using.html#using-pathnames
../src/helloworld.c: In function 'main':
../src/helloworld.c:41:3: warning: implicit declaration of function 'xil_printf' [-Wimplicit-function-declaration]
../src/helloworld.c:39:16: warning: variable 'OldData' set but not used [-Wunused-but-set-variable]
Finished building: ../src/helloworld.c
 
Building target: hello_world.elf
Invoking: MicroBlaze gcc linker
mb-gcc -Wl,-T -Wl,../src/lscript.ld -L../../hello_world_bsp/microblaze_0/lib -mlittle-endian -mxl-barrel-shift -mxl-pattern-compare -mcpu=v8.50.b -mno-xl-soft-mul -Wl,--no-relax -Wl,--gc-sections -o "hello_world.elf"  ./src/helloworld.o ./src/platform.o   -Wl,--start-group,-lxil,-lgcc,-lc,--end-group
cygwin warning:
  MS-DOS style path detected: D:\users\ra123_2013\basic_system\SDK\SDK_Workspace\hello_world\Debug
  Preferred POSIX equivalent is: /cygdrive/d/users/ra123_2013/basic_system/SDK/SDK_Workspace/hello_world/Debug
  CYGWIN environment variable option "nodosfilewarning" turns off this warning.
  Consult the user's guide for more details about POSIX paths:
    http://cygwin.com/cygwin-ug-net/using.html#using-pathnames
Finished building target: hello_world.elf
 
Invoking: MicroBlaze Print Size
mb-size hello_world.elf  |tee "hello_world.elf.size"
cygwin warning:
  MS-DOS style path detected: D:\users\ra123_2013\basic_system\SDK\SDK_Workspace\hello_world\Debug
  Preferred POSIX equivalent is: /cygdrive/d/users/ra123_2013/basic_system/SDK/SDK_Workspace/hello_world/Debug
  CYGWIN environment variable option "nodosfilewarning" turns off this warning.
  Consult the user's guide for more details about POSIX paths:
    http://cygwin.com/cygwin-ug-net/using.html#using-pathnames
   text	   data	    bss	    dec	    hex	filename
   4934	    272	   2080	   7286	   1c76	hello_world.elf
Finished building: hello_world.elf.size
 
Invoking: Xilinx ELF Check
elfcheck hello_world.elf -hw ../../basic_system_hw_platform/system.xml -pe microblaze_0  |tee "hello_world.elf.elfcheck"
cygwin warning:
  MS-DOS style path detected: D:\users\ra123_2013\basic_system\SDK\SDK_Workspace\hello_world\Debug
  Preferred POSIX equivalent is: /cygdrive/d/users/ra123_2013/basic_system/SDK/SDK_Workspace/hello_world/Debug
  CYGWIN environment variable option "nodosfilewarning" turns off this warning.
  Consult the user's guide for more details about POSIX paths:
    http://cygwin.com/cygwin-ug-net/using.html#using-pathnames
elfcheck
Xilinx EDK 14.6 Build EDK_P.68d
Copyright (c) 1995-2012 Xilinx, Inc.  All rights reserved.

Command Line: elfcheck -hw ../../basic_system_hw_platform/system.xml -pe
microblaze_0 hello_world.elf 

ELF file	: hello_world.elf
elfcheck passed.
Finished building: hello_world.elf.elfcheck
 
14:53:49 **** Auto Build of configuration Debug for project hello_world ****
make all 
Building file: ../src/helloworld.c
Invoking: MicroBlaze gcc compiler
mb-gcc -Wall -O0 -g3 -c -fmessage-length=0 -I../../hello_world_bsp/microblaze_0/include -mlittle-endian -mxl-barrel-shift -mxl-pattern-compare -mcpu=v8.50.b -mno-xl-soft-mul -Wl,--no-relax -ffunction-sections -fdata-sections -MMD -MP -MF"src/helloworld.d" -MT"src/helloworld.d" -o "src/helloworld.o" "../src/helloworld.c"
cygwin warning:
  MS-DOS style path detected: D:\users\ra123_2013\basic_system\SDK\SDK_Workspace\hello_world\Debug
  Preferred POSIX equivalent is: /cygdrive/d/users/ra123_2013/basic_system/SDK/SDK_Workspace/hello_world/Debug
  CYGWIN environment variable option "nodosfilewarning" turns off this warning.
  Consult the user's guide for more details about POSIX paths:
    http://cygwin.com/cygwin-ug-net/using.html#using-pathnames
../src/helloworld.c: In function 'main':
../src/helloworld.c:41:3: warning: implicit declaration of function 'xil_printf' [-Wimplicit-function-declaration]
Finished building: ../src/helloworld.c
 
Building target: hello_world.elf
Invoking: MicroBlaze gcc linker
mb-gcc -Wl,-T -Wl,../src/lscript.ld -L../../hello_world_bsp/microblaze_0/lib -mlittle-endian -mxl-barrel-shift -mxl-pattern-compare -mcpu=v8.50.b -mno-xl-soft-mul -Wl,--no-relax -Wl,--gc-sections -o "hello_world.elf"  ./src/helloworld.o ./src/platform.o   -Wl,--start-group,-lxil,-lgcc,-lc,--end-group
cygwin warning:
  MS-DOS style path detected: D:\users\ra123_2013\basic_system\SDK\SDK_Workspace\hello_world\Debug
  Preferred POSIX equivalent is: /cygdrive/d/users/ra123_2013/basic_system/SDK/SDK_Workspace/hello_world/Debug
  CYGWIN environment variable option "nodosfilewarning" turns off this warning.
  Consult the user's guide for more details about POSIX paths:
    http://cygwin.com/cygwin-ug-net/using.html#using-pathnames
Finished building target: hello_world.elf
 
Invoking: MicroBlaze Print Size
mb-size hello_world.elf  |tee "hello_world.elf.size"
cygwin warning:
  MS-DOS style path detected: D:\users\ra123_2013\basic_system\SDK\SDK_Workspace\hello_world\Debug
  Preferred POSIX equivalent is: /cygdrive/d/users/ra123_2013/basic_system/SDK/SDK_Workspace/hello_world/Debug
  CYGWIN environment variable option "nodosfilewarning" turns off this warning.
  Consult the user's guide for more details about POSIX paths:
    http://cygwin.com/cygwin-ug-net/using.html#using-pathnames
   text	   data	    bss	    dec	    hex	filename
   4958	    272	   2080	   7310	   1c8e	hello_world.elf
Finished building: hello_world.elf.size
 
Invoking: Xilinx ELF Check
elfcheck hello_world.elf -hw ../../basic_system_hw_platform/system.xml -pe microblaze_0  |tee "hello_world.elf.elfcheck"
cygwin warning:
  MS-DOS style path detected: D:\users\ra123_2013\basic_system\SDK\SDK_Workspace\hello_world\Debug
  Preferred POSIX equivalent is: /cygdrive/d/users/ra123_2013/basic_system/SDK/SDK_Workspace/hello_world/Debug
  CYGWIN environment variable option "nodosfilewarning" turns off this warning.
  Consult the user's guide for more details about POSIX paths:
    http://cygwin.com/cygwin-ug-net/using.html#using-pathnames
elfcheck
Xilinx EDK 14.6 Build EDK_P.68d
Copyright (c) 1995-2012 Xilinx, Inc.  All rights reserved.

Command Line: elfcheck -hw ../../basic_system_hw_platform/system.xml -pe
microblaze_0 hello_world.elf 

ELF file	: hello_world.elf
elfcheck passed.
Finished building: hello_world.elf.elfcheck
 
14:53:54 **** Incremental Build of configuration Debug for project hello_world ****
make all 
make: Nothing to be done for `all'.
11:58:55 **** Build of project hello_world_bsp ****
make -k all 
Finished building libraries
11:58:56 **** Build of configuration Debug for project hello_world ****
make all 
make: Nothing to be done for `all'.
11:59:10 **** Auto Build of project hello_world_bsp ****
make -k all 
Finished building libraries
12:26:59 **** Clean-only build of project hello_world_bsp ****
make -k clean 
rm -rf microblaze_0
12:26:59 **** Build of project hello_world_bsp ****
make -k all 
libgen -hw ../basic_system_hw_platform/system.xml\
	       -lp D:/users/ra123_2013/lab3/lab3/basic_system\
	       -pe microblaze_0 \
	       -log libgen.log \
	       system.mss
libgen
Xilinx EDK 14.6 Build EDK_P.68d
Copyright (c) 1995-2012 Xilinx, Inc.  All rights reserved.

Command Line: libgen -hw ../basic_system_hw_platform/system.xml -lp
D:/users/ra123_2013/lab3/lab3/basic_system -pe microblaze_0 -log libgen.log
system.mss 


Staging source files.
Running DRCs.
Running generate.
Running post_generate.
Running include - 'make -s include "COMPILER=mb-gcc" "ARCHIVER=mb-ar"
"COMPILER_FLAGS=-mlittle-endian -mno-xl-soft-mul -mxl-barrel-shift
-mxl-pattern-compare -mcpu=v8.50.b  -O2 -c" "EXTRA_COMPILER_FLAGS=-g
-ffunction-sections -fdata-sections"'.

Running libs - 'make -s libs "COMPILER=mb-gcc" "ARCHIVER=mb-ar"
"COMPILER_FLAGS=-mlittle-endian -mno-xl-soft-mul -mxl-barrel-shift
-mxl-pattern-compare -mcpu=v8.50.b  -O2 -c" "EXTRA_COMPILER_FLAGS=-g
-ffunction-sections -fdata-sections"'.
Compiling common
Compiling standalone
Compiling uartlite
Compiling bram
Compiling cpu
Running execs_generate.
Finished building libraries
12:27:06 **** Auto Build of configuration Debug for project hello_world ****
make all 
make: Nothing to be done for `all'.
12:33:22 **** Auto Build of configuration Debug for project hello_world ****
make all 
Building file: ../src/helloworld.c
Invoking: MicroBlaze gcc compiler
mb-gcc -Wall -O0 -g3 -c -fmessage-length=0 -I../../hello_world_bsp/microblaze_0/include -mlittle-endian -mxl-barrel-shift -mxl-pattern-compare -mcpu=v8.50.b -mno-xl-soft-mul -Wl,--no-relax -ffunction-sections -fdata-sections -MMD -MP -MF"src/helloworld.d" -MT"src/helloworld.d" -o "src/helloworld.o" "../src/helloworld.c"
cygwin warning:
  MS-DOS style path detected: D:\users\ra123_2013\lab3\lab3\basic_system\SDK\SDK_Workspace\hello_world\Debug
  Preferred POSIX equivalent is: /cygdrive/d/users/ra123_2013/lab3/lab3/basic_system/SDK/SDK_Workspace/hello_world/Debug
  CYGWIN environment variable option "nodosfilewarning" turns off this warning.
  Consult the user's guide for more details about POSIX paths:
    http://cygwin.com/cygwin-ug-net/using.html#using-pathnames
../src/helloworld.c:38:27: fatal error: my_peripheral.h: No such file or directory
compilation terminated.
make: *** [src/helloworld.o] Error 1
12:33:34 **** Clean-only build of project hello_world_bsp ****
make -k clean 
rm -rf microblaze_0
12:33:35 **** Build of project hello_world_bsp ****
make -k all 
libgen -hw ../basic_system_hw_platform/system.xml\
	       -lp D:/users/ra123_2013/lab3/lab3/basic_system\
	       -pe microblaze_0 \
	       -log libgen.log \
	       system.mss
libgen
Xilinx EDK 14.6 Build EDK_P.68d
Copyright (c) 1995-2012 Xilinx, Inc.  All rights reserved.

Command Line: libgen -hw ../basic_system_hw_platform/system.xml -lp
D:/users/ra123_2013/lab3/lab3/basic_system -pe microblaze_0 -log libgen.log
system.mss 


Staging source files.
Running DRCs.
Running generate.
Running post_generate.
Running include - 'make -s include "COMPILER=mb-gcc" "ARCHIVER=mb-ar"
"COMPILER_FLAGS=-mlittle-endian -mno-xl-soft-mul -mxl-barrel-shift
-mxl-pattern-compare -mcpu=v8.50.b  -O2 -c" "EXTRA_COMPILER_FLAGS=-g
-ffunction-sections -fdata-sections"'.

Running libs - 'make -s libs "COMPILER=mb-gcc" "ARCHIVER=mb-ar"
"COMPILER_FLAGS=-mlittle-endian -mno-xl-soft-mul -mxl-barrel-shift
-mxl-pattern-compare -mcpu=v8.50.b  -O2 -c" "EXTRA_COMPILER_FLAGS=-g
-ffunction-sections -fdata-sections"'.
Compiling common
Compiling standalone
Compiling uartlite
Compiling bram
Compiling my_peripheral
my_peripheral_selftest.c: In function 'MY_PERIPHERAL_SelfTest':
my_peripheral_selftest.c:70:50: error: 'MY_PERIPHERAL_USER_NUM_REG' undeclared (first use in this function)
my_peripheral_selftest.c:70:50: note: each undeclared identifier is reported only once for each function it appears in
make[1]: *** [libs] Error 1
Compiling cpu
ERROR:EDK:369 -  make failed for target "libs" 
ERROR:EDK:3418 - Error(s) while running make.
make: *** [microblaze_0/lib/libxil.a] Error 2
make: Target `all' not remade because of errors.
12:33:41 **** Auto Build of configuration Debug for project hello_world ****
make all 
Building file: ../src/helloworld.c
Invoking: MicroBlaze gcc compiler
mb-gcc -Wall -O0 -g3 -c -fmessage-length=0 -I../../hello_world_bsp/microblaze_0/include -mlittle-endian -mxl-barrel-shift -mxl-pattern-compare -mcpu=v8.50.b -mno-xl-soft-mul -Wl,--no-relax -ffunction-sections -fdata-sections -MMD -MP -MF"src/helloworld.d" -MT"src/helloworld.d" -o "src/helloworld.o" "../src/helloworld.c"
cygwin warning:
  MS-DOS style path detected: D:\users\ra123_2013\lab3\lab3\basic_system\SDK\SDK_Workspace\hello_world\Debug
  Preferred POSIX equivalent is: /cygdrive/d/users/ra123_2013/lab3/lab3/basic_system/SDK/SDK_Workspace/hello_world/Debug
  CYGWIN environment variable option "nodosfilewarning" turns off this warning.
  Consult the user's guide for more details about POSIX paths:
    http://cygwin.com/cygwin-ug-net/using.html#using-pathnames
Finished building: ../src/helloworld.c
 
Building target: hello_world.elf
Invoking: MicroBlaze gcc linker
mb-gcc -Wl,-T -Wl,../src/lscript.ld -L../../hello_world_bsp/microblaze_0/lib -mlittle-endian -mxl-barrel-shift -mxl-pattern-compare -mcpu=v8.50.b -mno-xl-soft-mul -Wl,--no-relax -Wl,--gc-sections -o "hello_world.elf"  ./src/helloworld.o ./src/platform.o   -Wl,--start-group,-lxil,-lgcc,-lc,--end-group
cygwin warning:
  MS-DOS style path detected: D:\users\ra123_2013\lab3\lab3\basic_system\SDK\SDK_Workspace\hello_world\Debug
  Preferred POSIX equivalent is: /cygdrive/d/users/ra123_2013/lab3/lab3/basic_system/SDK/SDK_Workspace/hello_world/Debug
  CYGWIN environment variable option "nodosfilewarning" turns off this warning.
  Consult the user's guide for more details about POSIX paths:
    http://cygwin.com/cygwin-ug-net/using.html#using-pathnames
c:/xilinx/14.6/ise_ds/edk/gnu/microblaze/nt/bin/../lib/gcc/microblaze-xilinx-elf/4.6.4/../../../../microblaze-xilinx-elf/lib/bs/m/le\libxil.a(xil_printf.o): In function `padding':
/gnu/mb_gnu/src/newlib/libgloss/microblaze/xil_printf.c:50: undefined reference to `outbyte'
c:/xilinx/14.6/ise_ds/edk/gnu/microblaze/nt/bin/../lib/gcc/microblaze-xilinx-elf/4.6.4/../../../../microblaze-xilinx-elf/lib/bs/m/le\libxil.a(xil_printf.o): In function `outnum':
/gnu/mb_gnu/src/newlib/libgloss/microblaze/xil_printf.c:112: undefined reference to `outbyte'
c:/xilinx/14.6/ise_ds/edk/gnu/microblaze/nt/bin/../lib/gcc/microblaze-xilinx-elf/4.6.4/../../../../microblaze-xilinx-elf/lib/bs/m/le\libxil.a(xil_printf.o): In function `xil_printf':
/gnu/mb_gnu/src/newlib/libgloss/microblaze/xil_printf.c:168: undefined reference to `outbyte'
c:/xilinx/14.6/ise_ds/edk/gnu/microblaze/nt/bin/../lib/gcc/microblaze-xilinx-elf/4.6.4/../../../../microblaze-xilinx-elf/lib/bs/m/le\libxil.a(xil_printf.o): In function `outs':
/gnu/mb_gnu/src/newlib/libgloss/microblaze/xil_printf.c:66: undefined reference to `outbyte'
c:/xilinx/14.6/ise_ds/edk/gnu/microblaze/nt/bin/../lib/gcc/microblaze-xilinx-elf/4.6.4/../../../../microblaze-xilinx-elf/lib/bs/m/le\libxil.a(xil_printf.o): In function `xil_printf':
/gnu/mb_gnu/src/newlib/libgloss/microblaze/xil_printf.c:229: undefined reference to `outbyte'
c:/xilinx/14.6/ise_ds/edk/gnu/microblaze/nt/bin/../lib/gcc/microblaze-xilinx-elf/4.6.4/../../../../microblaze-xilinx-elf/lib/bs/m/le\libxil.a(xil_printf.o):/gnu/mb_gnu/src/newlib/libgloss/microblaze/xil_printf.c:238: more undefined references to `outbyte' follow
collect2: ld returned 1 exit status
make: *** [hello_world.elf] Error 1
12:36:04 **** Auto Build of configuration Debug for project hello_world ****
make all 
Building file: ../src/helloworld.c
Invoking: MicroBlaze gcc compiler
mb-gcc -Wall -O0 -g3 -c -fmessage-length=0 -I../../hello_world_bsp/microblaze_0/include -mlittle-endian -mxl-barrel-shift -mxl-pattern-compare -mcpu=v8.50.b -mno-xl-soft-mul -Wl,--no-relax -ffunction-sections -fdata-sections -MMD -MP -MF"src/helloworld.d" -MT"src/helloworld.d" -o "src/helloworld.o" "../src/helloworld.c"
cygwin warning:
  MS-DOS style path detected: D:\users\ra123_2013\lab3\lab3\basic_system\SDK\SDK_Workspace\hello_world\Debug
  Preferred POSIX equivalent is: /cygdrive/d/users/ra123_2013/lab3/lab3/basic_system/SDK/SDK_Workspace/hello_world/Debug
  CYGWIN environment variable option "nodosfilewarning" turns off this warning.
  Consult the user's guide for more details about POSIX paths:
    http://cygwin.com/cygwin-ug-net/using.html#using-pathnames
../src/helloworld.c: In function 'main':
../src/helloworld.c:45:3: warning: implicit declaration of function 'MY_PERIPHERAL_ClearScreen' [-Wimplicit-function-declaration]
Finished building: ../src/helloworld.c
 
Building target: hello_world.elf
Invoking: MicroBlaze gcc linker
mb-gcc -Wl,-T -Wl,../src/lscript.ld -L../../hello_world_bsp/microblaze_0/lib -mlittle-endian -mxl-barrel-shift -mxl-pattern-compare -mcpu=v8.50.b -mno-xl-soft-mul -Wl,--no-relax -Wl,--gc-sections -o "hello_world.elf"  ./src/helloworld.o ./src/platform.o   -Wl,--start-group,-lxil,-lgcc,-lc,--end-group
cygwin warning:
  MS-DOS style path detected: D:\users\ra123_2013\lab3\lab3\basic_system\SDK\SDK_Workspace\hello_world\Debug
  Preferred POSIX equivalent is: /cygdrive/d/users/ra123_2013/lab3/lab3/basic_system/SDK/SDK_Workspace/hello_world/Debug
  CYGWIN environment variable option "nodosfilewarning" turns off this warning.
  Consult the user's guide for more details about POSIX paths:
    http://cygwin.com/cygwin-ug-net/using.html#using-pathnames
c:/xilinx/14.6/ise_ds/edk/gnu/microblaze/nt/bin/../lib/gcc/microblaze-xilinx-elf/4.6.4/../../../../microblaze-xilinx-elf/lib/bs/m/le\libxil.a(xil_printf.o): In function `padding':
/gnu/mb_gnu/src/newlib/libgloss/microblaze/xil_printf.c:50: undefined reference to `outbyte'
c:/xilinx/14.6/ise_ds/edk/gnu/microblaze/nt/bin/../lib/gcc/microblaze-xilinx-elf/4.6.4/../../../../microblaze-xilinx-elf/lib/bs/m/le\libxil.a(xil_printf.o): In function `outnum':
/gnu/mb_gnu/src/newlib/libgloss/microblaze/xil_printf.c:112: undefined reference to `outbyte'
c:/xilinx/14.6/ise_ds/edk/gnu/microblaze/nt/bin/../lib/gcc/microblaze-xilinx-elf/4.6.4/../../../../microblaze-xilinx-elf/lib/bs/m/le\libxil.a(xil_printf.o): In function `xil_printf':
/gnu/mb_gnu/src/newlib/libgloss/microblaze/xil_printf.c:168: undefined reference to `outbyte'
c:/xilinx/14.6/ise_ds/edk/gnu/microblaze/nt/bin/../lib/gcc/microblaze-xilinx-elf/4.6.4/../../../../microblaze-xilinx-elf/lib/bs/m/le\libxil.a(xil_printf.o): In function `outs':
/gnu/mb_gnu/src/newlib/libgloss/microblaze/xil_printf.c:66: undefined reference to `outbyte'
c:/xilinx/14.6/ise_ds/edk/gnu/microblaze/nt/bin/../lib/gcc/microblaze-xilinx-elf/4.6.4/../../../../microblaze-xilinx-elf/lib/bs/m/le\libxil.a(xil_printf.o): In function `xil_printf':
/gnu/mb_gnu/src/newlib/libgloss/microblaze/xil_printf.c:229: undefined reference to `outbyte'
c:/xilinx/14.6/ise_ds/edk/gnu/microblaze/nt/bin/../lib/gcc/microblaze-xilinx-elf/4.6.4/../../../../microblaze-xilinx-elf/lib/bs/m/le\libxil.a(xil_printf.o):/gnu/mb_gnu/src/newlib/libgloss/microblaze/xil_printf.c:238: more undefined references to `outbyte' follow
./src/helloworld.o: In function `main':
D:\users\ra123_2013\lab3\lab3\basic_system\SDK\SDK_Workspace\hello_world\Debug/../src/helloworld.c:45: undefined reference to `MY_PERIPHERAL_ClearScreen'
collect2: ld returned 1 exit status
make: *** [hello_world.elf] Error 1
12:36:17 **** Auto Build of configuration Debug for project hello_world ****
make all 
Building file: ../src/helloworld.c
Invoking: MicroBlaze gcc compiler
mb-gcc -Wall -O0 -g3 -c -fmessage-length=0 -I../../hello_world_bsp/microblaze_0/include -mlittle-endian -mxl-barrel-shift -mxl-pattern-compare -mcpu=v8.50.b -mno-xl-soft-mul -Wl,--no-relax -ffunction-sections -fdata-sections -MMD -MP -MF"src/helloworld.d" -MT"src/helloworld.d" -o "src/helloworld.o" "../src/helloworld.c"
cygwin warning:
  MS-DOS style path detected: D:\users\ra123_2013\lab3\lab3\basic_system\SDK\SDK_Workspace\hello_world\Debug
  Preferred POSIX equivalent is: /cygdrive/d/users/ra123_2013/lab3/lab3/basic_system/SDK/SDK_Workspace/hello_world/Debug
  CYGWIN environment variable option "nodosfilewarning" turns off this warning.
  Consult the user's guide for more details about POSIX paths:
    http://cygwin.com/cygwin-ug-net/using.html#using-pathnames
../src/helloworld.c: In function 'main':
../src/helloworld.c:43:3: warning: implicit declaration of function 'MY_PERIPHERAL_ClearScreen' [-Wimplicit-function-declaration]
Finished building: ../src/helloworld.c
 
Building target: hello_world.elf
Invoking: MicroBlaze gcc linker
mb-gcc -Wl,-T -Wl,../src/lscript.ld -L../../hello_world_bsp/microblaze_0/lib -mlittle-endian -mxl-barrel-shift -mxl-pattern-compare -mcpu=v8.50.b -mno-xl-soft-mul -Wl,--no-relax -Wl,--gc-sections -o "hello_world.elf"  ./src/helloworld.o ./src/platform.o   -Wl,--start-group,-lxil,-lgcc,-lc,--end-group
cygwin warning:
  MS-DOS style path detected: D:\users\ra123_2013\lab3\lab3\basic_system\SDK\SDK_Workspace\hello_world\Debug
  Preferred POSIX equivalent is: /cygdrive/d/users/ra123_2013/lab3/lab3/basic_system/SDK/SDK_Workspace/hello_world/Debug
  CYGWIN environment variable option "nodosfilewarning" turns off this warning.
  Consult the user's guide for more details about POSIX paths:
    http://cygwin.com/cygwin-ug-net/using.html#using-pathnames
c:/xilinx/14.6/ise_ds/edk/gnu/microblaze/nt/bin/../lib/gcc/microblaze-xilinx-elf/4.6.4/../../../../microblaze-xilinx-elf/lib/bs/m/le\libxil.a(xil_printf.o): In function `padding':
/gnu/mb_gnu/src/newlib/libgloss/microblaze/xil_printf.c:50: undefined reference to `outbyte'
c:/xilinx/14.6/ise_ds/edk/gnu/microblaze/nt/bin/../lib/gcc/microblaze-xilinx-elf/4.6.4/../../../../microblaze-xilinx-elf/lib/bs/m/le\libxil.a(xil_printf.o): In function `outnum':
/gnu/mb_gnu/src/newlib/libgloss/microblaze/xil_printf.c:112: undefined reference to `outbyte'
c:/xilinx/14.6/ise_ds/edk/gnu/microblaze/nt/bin/../lib/gcc/microblaze-xilinx-elf/4.6.4/../../../../microblaze-xilinx-elf/lib/bs/m/le\libxil.a(xil_printf.o): In function `xil_printf':
/gnu/mb_gnu/src/newlib/libgloss/microblaze/xil_printf.c:168: undefined reference to `outbyte'
c:/xilinx/14.6/ise_ds/edk/gnu/microblaze/nt/bin/../lib/gcc/microblaze-xilinx-elf/4.6.4/../../../../microblaze-xilinx-elf/lib/bs/m/le\libxil.a(xil_printf.o): In function `outs':
/gnu/mb_gnu/src/newlib/libgloss/microblaze/xil_printf.c:66: undefined reference to `outbyte'
c:/xilinx/14.6/ise_ds/edk/gnu/microblaze/nt/bin/../lib/gcc/microblaze-xilinx-elf/4.6.4/../../../../microblaze-xilinx-elf/lib/bs/m/le\libxil.a(xil_printf.o): In function `xil_printf':
/gnu/mb_gnu/src/newlib/libgloss/microblaze/xil_printf.c:229: undefined reference to `outbyte'
c:/xilinx/14.6/ise_ds/edk/gnu/microblaze/nt/bin/../lib/gcc/microblaze-xilinx-elf/4.6.4/../../../../microblaze-xilinx-elf/lib/bs/m/le\libxil.a(xil_printf.o):/gnu/mb_gnu/src/newlib/libgloss/microblaze/xil_printf.c:238: more undefined references to `outbyte' follow
./src/helloworld.o: In function `main':
D:\users\ra123_2013\lab3\lab3\basic_system\SDK\SDK_Workspace\hello_world\Debug/../src/helloworld.c:43: undefined reference to `MY_PERIPHERAL_ClearScreen'
collect2: ld returned 1 exit status
make: *** [hello_world.elf] Error 1
12:37:29 **** Clean-only build of configuration Debug for project hello_world ****
make clean 
rm -rf  ./src/helloworld.o ./src/platform.o  ./src/helloworld.d ./src/platform.d  hello_world.elf.size  hello_world.elf.elfcheck  hello_world.elf
 
12:37:29 **** Clean-only build of project hello_world_bsp ****
make -k clean 
rm -rf microblaze_0
12:37:29 **** Build of project hello_world_bsp ****
make -k all 
libgen -hw ../basic_system_hw_platform/system.xml\
	       -lp D:/users/ra123_2013/lab3/lab3/basic_system\
	       -pe microblaze_0 \
	       -log libgen.log \
	       system.mss
libgen
Xilinx EDK 14.6 Build EDK_P.68d
Copyright (c) 1995-2012 Xilinx, Inc.  All rights reserved.

Command Line: libgen -hw ../basic_system_hw_platform/system.xml -lp
D:/users/ra123_2013/lab3/lab3/basic_system -pe microblaze_0 -log libgen.log
system.mss 


Staging source files.
Running DRCs.
Running generate.
Running post_generate.
Running include - 'make -s include "COMPILER=mb-gcc" "ARCHIVER=mb-ar"
"COMPILER_FLAGS=-mlittle-endian -mno-xl-soft-mul -mxl-barrel-shift
-mxl-pattern-compare -mcpu=v8.50.b  -O2 -c" "EXTRA_COMPILER_FLAGS=-g
-ffunction-sections -fdata-sections"'.

Running libs - 'make -s libs "COMPILER=mb-gcc" "ARCHIVER=mb-ar"
"COMPILER_FLAGS=-mlittle-endian -mno-xl-soft-mul -mxl-barrel-shift
-mxl-pattern-compare -mcpu=v8.50.b  -O2 -c" "EXTRA_COMPILER_FLAGS=-g
-ffunction-sections -fdata-sections"'.
Compiling common
Compiling standalone
Compiling uartlite
Compiling bram
Compiling my_peripheral
my_peripheral_selftest.c: In function 'MY_PERIPHERAL_SelfTest':
my_peripheral_selftest.c:70:50: error: 'MY_PERIPHERAL_USER_NUM_REG' undeclared (first use in this function)
my_peripheral_selftest.c:70:50: note: each undeclared identifier is reported only once for each function it appears in
make[1]: *** [libs] Error 1
Compiling cpu
ERROR:EDK:369 -  make failed for target "libs" 
ERROR:EDK:3418 - Error(s) while running make.
make: *** [microblaze_0/lib/libxil.a] Error 2
make: Target `all' not remade because of errors.
12:37:36 **** Build of configuration Debug for project hello_world ****
make all 
Building file: ../src/helloworld.c
Invoking: MicroBlaze gcc compiler
mb-gcc -Wall -O0 -g3 -c -fmessage-length=0 -I../../hello_world_bsp/microblaze_0/include -mlittle-endian -mxl-barrel-shift -mxl-pattern-compare -mcpu=v8.50.b -mno-xl-soft-mul -Wl,--no-relax -ffunction-sections -fdata-sections -MMD -MP -MF"src/helloworld.d" -MT"src/helloworld.d" -o "src/helloworld.o" "../src/helloworld.c"
cygwin warning:
  MS-DOS style path detected: D:\users\ra123_2013\lab3\lab3\basic_system\SDK\SDK_Workspace\hello_world\Debug
  Preferred POSIX equivalent is: /cygdrive/d/users/ra123_2013/lab3/lab3/basic_system/SDK/SDK_Workspace/hello_world/Debug
  CYGWIN environment variable option "nodosfilewarning" turns off this warning.
  Consult the user's guide for more details about POSIX paths:
    http://cygwin.com/cygwin-ug-net/using.html#using-pathnames
Finished building: ../src/helloworld.c
 
Building file: ../src/platform.c
Invoking: MicroBlaze gcc compiler
mb-gcc -Wall -O0 -g3 -c -fmessage-length=0 -I../../hello_world_bsp/microblaze_0/include -mlittle-endian -mxl-barrel-shift -mxl-pattern-compare -mcpu=v8.50.b -mno-xl-soft-mul -Wl,--no-relax -ffunction-sections -fdata-sections -MMD -MP -MF"src/platform.d" -MT"src/platform.d" -o "src/platform.o" "../src/platform.c"
cygwin warning:
  MS-DOS style path detected: D:\users\ra123_2013\lab3\lab3\basic_system\SDK\SDK_Workspace\hello_world\Debug
  Preferred POSIX equivalent is: /cygdrive/d/users/ra123_2013/lab3/lab3/basic_system/SDK/SDK_Workspace/hello_world/Debug
  CYGWIN environment variable option "nodosfilewarning" turns off this warning.
  Consult the user's guide for more details about POSIX paths:
    http://cygwin.com/cygwin-ug-net/using.html#using-pathnames
Finished building: ../src/platform.c
 
Building target: hello_world.elf
Invoking: MicroBlaze gcc linker
mb-gcc -Wl,-T -Wl,../src/lscript.ld -L../../hello_world_bsp/microblaze_0/lib -mlittle-endian -mxl-barrel-shift -mxl-pattern-compare -mcpu=v8.50.b -mno-xl-soft-mul -Wl,--no-relax -Wl,--gc-sections -o "hello_world.elf"  ./src/helloworld.o ./src/platform.o   -Wl,--start-group,-lxil,-lgcc,-lc,--end-group
cygwin warning:
  MS-DOS style path detected: D:\users\ra123_2013\lab3\lab3\basic_system\SDK\SDK_Workspace\hello_world\Debug
  Preferred POSIX equivalent is: /cygdrive/d/users/ra123_2013/lab3/lab3/basic_system/SDK/SDK_Workspace/hello_world/Debug
  CYGWIN environment variable option "nodosfilewarning" turns off this warning.
  Consult the user's guide for more details about POSIX paths:
    http://cygwin.com/cygwin-ug-net/using.html#using-pathnames
c:/xilinx/14.6/ise_ds/edk/gnu/microblaze/nt/bin/../lib/gcc/microblaze-xilinx-elf/4.6.4/../../../../microblaze-xilinx-elf/lib/bs/m/le\libxil.a(xil_printf.o): In function `padding':
/gnu/mb_gnu/src/newlib/libgloss/microblaze/xil_printf.c:50: undefined reference to `outbyte'
c:/xilinx/14.6/ise_ds/edk/gnu/microblaze/nt/bin/../lib/gcc/microblaze-xilinx-elf/4.6.4/../../../../microblaze-xilinx-elf/lib/bs/m/le\libxil.a(xil_printf.o): In function `outnum':
/gnu/mb_gnu/src/newlib/libgloss/microblaze/xil_printf.c:112: undefined reference to `outbyte'
c:/xilinx/14.6/ise_ds/edk/gnu/microblaze/nt/bin/../lib/gcc/microblaze-xilinx-elf/4.6.4/../../../../microblaze-xilinx-elf/lib/bs/m/le\libxil.a(xil_printf.o): In function `xil_printf':
/gnu/mb_gnu/src/newlib/libgloss/microblaze/xil_printf.c:168: undefined reference to `outbyte'
c:/xilinx/14.6/ise_ds/edk/gnu/microblaze/nt/bin/../lib/gcc/microblaze-xilinx-elf/4.6.4/../../../../microblaze-xilinx-elf/lib/bs/m/le\libxil.a(xil_printf.o): In function `outs':
/gnu/mb_gnu/src/newlib/libgloss/microblaze/xil_printf.c:66: undefined reference to `outbyte'
c:/xilinx/14.6/ise_ds/edk/gnu/microblaze/nt/bin/../lib/gcc/microblaze-xilinx-elf/4.6.4/../../../../microblaze-xilinx-elf/lib/bs/m/le\libxil.a(xil_printf.o): In function `xil_printf':
/gnu/mb_gnu/src/newlib/libgloss/microblaze/xil_printf.c:229: undefined reference to `outbyte'
c:/xilinx/14.6/ise_ds/edk/gnu/microblaze/nt/bin/../lib/gcc/microblaze-xilinx-elf/4.6.4/../../../../microblaze-xilinx-elf/lib/bs/m/le\libxil.a(xil_printf.o):/gnu/mb_gnu/src/newlib/libgloss/microblaze/xil_printf.c:238: more undefined references to `outbyte' follow
./src/helloworld.o: In function `main':
D:\users\ra123_2013\lab3\lab3\basic_system\SDK\SDK_Workspace\hello_world\Debug/../src/helloworld.c:43: undefined reference to `MY_PERIPHERAL_ClearScreen'
collect2: ld returned 1 exit status
make: *** [hello_world.elf] Error 1
12:39:03 **** Clean-only build of configuration Debug for project hello_world ****
make clean 
rm -rf  ./src/helloworld.o ./src/platform.o  ./src/helloworld.d ./src/platform.d  hello_world.elf.size  hello_world.elf.elfcheck  hello_world.elf
 
12:39:03 **** Clean-only build of project hello_world_bsp ****
make -k clean 
rm -rf microblaze_0
12:39:03 **** Build of project hello_world_bsp ****
make -k all 
libgen -hw ../basic_system_hw_platform/system.xml\
	       -lp D:/users/ra123_2013/lab3/lab3/basic_system\
	       -pe microblaze_0 \
	       -log libgen.log \
	       system.mss
libgen
Xilinx EDK 14.6 Build EDK_P.68d
Copyright (c) 1995-2012 Xilinx, Inc.  All rights reserved.

Command Line: libgen -hw ../basic_system_hw_platform/system.xml -lp
D:/users/ra123_2013/lab3/lab3/basic_system -pe microblaze_0 -log libgen.log
system.mss 


Staging source files.
Running DRCs.
Running generate.
Running post_generate.
Running include - 'make -s include "COMPILER=mb-gcc" "ARCHIVER=mb-ar"
"COMPILER_FLAGS=-mlittle-endian -mno-xl-soft-mul -mxl-barrel-shift
-mxl-pattern-compare -mcpu=v8.50.b  -O2 -c" "EXTRA_COMPILER_FLAGS=-g
-ffunction-sections -fdata-sections"'.

Running libs - 'make -s libs "COMPILER=mb-gcc" "ARCHIVER=mb-ar"
"COMPILER_FLAGS=-mlittle-endian -mno-xl-soft-mul -mxl-barrel-shift
-mxl-pattern-compare -mcpu=v8.50.b  -O2 -c" "EXTRA_COMPILER_FLAGS=-g
-ffunction-sections -fdata-sections"'.
Compiling common
Compiling standalone
Compiling uartlite
Compiling bram
Compiling my_peripheral
my_peripheral_selftest.c: In function 'MY_PERIPHERAL_SelfTest':
my_peripheral_selftest.c:70:50: error: 'MY_PERIPHERAL_USER_NUM_REG' undeclared (first use in this function)
my_peripheral_selftest.c:70:50: note: each undeclared identifier is reported only once for each function it appears in
make[1]: *** [libs] Error 1
Compiling cpu
ERROR:EDK:369 -  make failed for target "libs" 
ERROR:EDK:3418 - Error(s) while running make.
make: *** [microblaze_0/lib/libxil.a] Error 2
make: Target `all' not remade because of errors.
12:39:10 **** Build of configuration Debug for project hello_world ****
make all 
Building file: ../src/helloworld.c
Invoking: MicroBlaze gcc compiler
mb-gcc -Wall -O0 -g3 -c -fmessage-length=0 -I../../hello_world_bsp/microblaze_0/include -mlittle-endian -mxl-barrel-shift -mxl-pattern-compare -mcpu=v8.50.b -mno-xl-soft-mul -Wl,--no-relax -ffunction-sections -fdata-sections -MMD -MP -MF"src/helloworld.d" -MT"src/helloworld.d" -o "src/helloworld.o" "../src/helloworld.c"
cygwin warning:
  MS-DOS style path detected: D:\users\ra123_2013\lab3\lab3\basic_system\SDK\SDK_Workspace\hello_world\Debug
  Preferred POSIX equivalent is: /cygdrive/d/users/ra123_2013/lab3/lab3/basic_system/SDK/SDK_Workspace/hello_world/Debug
  CYGWIN environment variable option "nodosfilewarning" turns off this warning.
  Consult the user's guide for more details about POSIX paths:
    http://cygwin.com/cygwin-ug-net/using.html#using-pathnames
Finished building: ../src/helloworld.c
 
Building file: ../src/platform.c
Invoking: MicroBlaze gcc compiler
mb-gcc -Wall -O0 -g3 -c -fmessage-length=0 -I../../hello_world_bsp/microblaze_0/include -mlittle-endian -mxl-barrel-shift -mxl-pattern-compare -mcpu=v8.50.b -mno-xl-soft-mul -Wl,--no-relax -ffunction-sections -fdata-sections -MMD -MP -MF"src/platform.d" -MT"src/platform.d" -o "src/platform.o" "../src/platform.c"
cygwin warning:
  MS-DOS style path detected: D:\users\ra123_2013\lab3\lab3\basic_system\SDK\SDK_Workspace\hello_world\Debug
  Preferred POSIX equivalent is: /cygdrive/d/users/ra123_2013/lab3/lab3/basic_system/SDK/SDK_Workspace/hello_world/Debug
  CYGWIN environment variable option "nodosfilewarning" turns off this warning.
  Consult the user's guide for more details about POSIX paths:
    http://cygwin.com/cygwin-ug-net/using.html#using-pathnames
Finished building: ../src/platform.c
 
Building target: hello_world.elf
Invoking: MicroBlaze gcc linker
mb-gcc -Wl,-T -Wl,../src/lscript.ld -L../../hello_world_bsp/microblaze_0/lib -mlittle-endian -mxl-barrel-shift -mxl-pattern-compare -mcpu=v8.50.b -mno-xl-soft-mul -Wl,--no-relax -Wl,--gc-sections -o "hello_world.elf"  ./src/helloworld.o ./src/platform.o   -Wl,--start-group,-lxil,-lgcc,-lc,--end-group
cygwin warning:
  MS-DOS style path detected: D:\users\ra123_2013\lab3\lab3\basic_system\SDK\SDK_Workspace\hello_world\Debug
  Preferred POSIX equivalent is: /cygdrive/d/users/ra123_2013/lab3/lab3/basic_system/SDK/SDK_Workspace/hello_world/Debug
  CYGWIN environment variable option "nodosfilewarning" turns off this warning.
  Consult the user's guide for more details about POSIX paths:
    http://cygwin.com/cygwin-ug-net/using.html#using-pathnames
c:/xilinx/14.6/ise_ds/edk/gnu/microblaze/nt/bin/../lib/gcc/microblaze-xilinx-elf/4.6.4/../../../../microblaze-xilinx-elf/lib/bs/m/le\libxil.a(xil_printf.o): In function `padding':
/gnu/mb_gnu/src/newlib/libgloss/microblaze/xil_printf.c:50: undefined reference to `outbyte'
c:/xilinx/14.6/ise_ds/edk/gnu/microblaze/nt/bin/../lib/gcc/microblaze-xilinx-elf/4.6.4/../../../../microblaze-xilinx-elf/lib/bs/m/le\libxil.a(xil_printf.o): In function `outnum':
/gnu/mb_gnu/src/newlib/libgloss/microblaze/xil_printf.c:112: undefined reference to `outbyte'
c:/xilinx/14.6/ise_ds/edk/gnu/microblaze/nt/bin/../lib/gcc/microblaze-xilinx-elf/4.6.4/../../../../microblaze-xilinx-elf/lib/bs/m/le\libxil.a(xil_printf.o): In function `xil_printf':
/gnu/mb_gnu/src/newlib/libgloss/microblaze/xil_printf.c:168: undefined reference to `outbyte'
c:/xilinx/14.6/ise_ds/edk/gnu/microblaze/nt/bin/../lib/gcc/microblaze-xilinx-elf/4.6.4/../../../../microblaze-xilinx-elf/lib/bs/m/le\libxil.a(xil_printf.o): In function `outs':
/gnu/mb_gnu/src/newlib/libgloss/microblaze/xil_printf.c:66: undefined reference to `outbyte'
c:/xilinx/14.6/ise_ds/edk/gnu/microblaze/nt/bin/../lib/gcc/microblaze-xilinx-elf/4.6.4/../../../../microblaze-xilinx-elf/lib/bs/m/le\libxil.a(xil_printf.o): In function `xil_printf':
/gnu/mb_gnu/src/newlib/libgloss/microblaze/xil_printf.c:229: undefined reference to `outbyte'
c:/xilinx/14.6/ise_ds/edk/gnu/microblaze/nt/bin/../lib/gcc/microblaze-xilinx-elf/4.6.4/../../../../microblaze-xilinx-elf/lib/bs/m/le\libxil.a(xil_printf.o):/gnu/mb_gnu/src/newlib/libgloss/microblaze/xil_printf.c:238: more undefined references to `outbyte' follow
./src/helloworld.o: In function `main':
D:\users\ra123_2013\lab3\lab3\basic_system\SDK\SDK_Workspace\hello_world\Debug/../src/helloworld.c:43: undefined reference to `MY_PERIPHERAL_ClearScreen'
collect2: ld returned 1 exit status
make: *** [hello_world.elf] Error 1
12:39:36 **** Clean-only build of configuration Debug for project hello_world ****
make clean 
rm -rf  ./src/helloworld.o ./src/platform.o  ./src/helloworld.d ./src/platform.d  hello_world.elf.size  hello_world.elf.elfcheck  hello_world.elf
 
12:39:36 **** Clean-only build of project hello_world_bsp ****
make -k clean 
rm -rf microblaze_0
12:39:37 **** Build of project hello_world_bsp ****
make -k all 
libgen -hw ../basic_system_hw_platform/system.xml\
	       -lp D:/users/ra123_2013/lab3/lab3/basic_system\
	       -pe microblaze_0 \
	       -log libgen.log \
	       system.mss
libgen
Xilinx EDK 14.6 Build EDK_P.68d
Copyright (c) 1995-2012 Xilinx, Inc.  All rights reserved.

Command Line: libgen -hw ../basic_system_hw_platform/system.xml -lp
D:/users/ra123_2013/lab3/lab3/basic_system -pe microblaze_0 -log libgen.log
system.mss 


Staging source files.
Running DRCs.
Running generate.
Running post_generate.
Running include - 'make -s include "COMPILER=mb-gcc" "ARCHIVER=mb-ar"
"COMPILER_FLAGS=-mlittle-endian -mno-xl-soft-mul -mxl-barrel-shift
-mxl-pattern-compare -mcpu=v8.50.b  -O2 -c" "EXTRA_COMPILER_FLAGS=-g
-ffunction-sections -fdata-sections"'.

Running libs - 'make -s libs "COMPILER=mb-gcc" "ARCHIVER=mb-ar"
"COMPILER_FLAGS=-mlittle-endian -mno-xl-soft-mul -mxl-barrel-shift
-mxl-pattern-compare -mcpu=v8.50.b  -O2 -c" "EXTRA_COMPILER_FLAGS=-g
-ffunction-sections -fdata-sections"'.
Compiling common
Compiling standalone
Compiling uartlite
Compiling bram
Compiling my_peripheral
my_peripheral_selftest.c: In function 'MY_PERIPHERAL_SelfTest':
my_peripheral_selftest.c:70:50: error: 'MY_PERIPHERAL_USER_NUM_REG' undeclared (first use in this function)
my_peripheral_selftest.c:70:50: note: each undeclared identifier is reported only once for each function it appears in
make[1]: *** [libs] Error 1
Compiling cpu
ERROR:EDK:369 -  make failed for target "libs" 
ERROR:EDK:3418 - Error(s) while running make.
make: *** [microblaze_0/lib/libxil.a] Error 2
make: Target `all' not remade because of errors.
12:39:44 **** Build of configuration Debug for project hello_world ****
make all 
Building file: ../src/helloworld.c
Invoking: MicroBlaze gcc compiler
mb-gcc -Wall -O0 -g3 -c -fmessage-length=0 -I../../hello_world_bsp/microblaze_0/include -mlittle-endian -mxl-barrel-shift -mxl-pattern-compare -mcpu=v8.50.b -mno-xl-soft-mul -Wl,--no-relax -ffunction-sections -fdata-sections -MMD -MP -MF"src/helloworld.d" -MT"src/helloworld.d" -o "src/helloworld.o" "../src/helloworld.c"
cygwin warning:
  MS-DOS style path detected: D:\users\ra123_2013\lab3\lab3\basic_system\SDK\SDK_Workspace\hello_world\Debug
  Preferred POSIX equivalent is: /cygdrive/d/users/ra123_2013/lab3/lab3/basic_system/SDK/SDK_Workspace/hello_world/Debug
  CYGWIN environment variable option "nodosfilewarning" turns off this warning.
  Consult the user's guide for more details about POSIX paths:
    http://cygwin.com/cygwin-ug-net/using.html#using-pathnames
Finished building: ../src/helloworld.c
 
Building file: ../src/platform.c
Invoking: MicroBlaze gcc compiler
mb-gcc -Wall -O0 -g3 -c -fmessage-length=0 -I../../hello_world_bsp/microblaze_0/include -mlittle-endian -mxl-barrel-shift -mxl-pattern-compare -mcpu=v8.50.b -mno-xl-soft-mul -Wl,--no-relax -ffunction-sections -fdata-sections -MMD -MP -MF"src/platform.d" -MT"src/platform.d" -o "src/platform.o" "../src/platform.c"
cygwin warning:
  MS-DOS style path detected: D:\users\ra123_2013\lab3\lab3\basic_system\SDK\SDK_Workspace\hello_world\Debug
  Preferred POSIX equivalent is: /cygdrive/d/users/ra123_2013/lab3/lab3/basic_system/SDK/SDK_Workspace/hello_world/Debug
  CYGWIN environment variable option "nodosfilewarning" turns off this warning.
  Consult the user's guide for more details about POSIX paths:
    http://cygwin.com/cygwin-ug-net/using.html#using-pathnames
Finished building: ../src/platform.c
 
Building target: hello_world.elf
Invoking: MicroBlaze gcc linker
mb-gcc -Wl,-T -Wl,../src/lscript.ld -L../../hello_world_bsp/microblaze_0/lib -mlittle-endian -mxl-barrel-shift -mxl-pattern-compare -mcpu=v8.50.b -mno-xl-soft-mul -Wl,--no-relax -Wl,--gc-sections -o "hello_world.elf"  ./src/helloworld.o ./src/platform.o   -Wl,--start-group,-lxil,-lgcc,-lc,--end-group
cygwin warning:
  MS-DOS style path detected: D:\users\ra123_2013\lab3\lab3\basic_system\SDK\SDK_Workspace\hello_world\Debug
  Preferred POSIX equivalent is: /cygdrive/d/users/ra123_2013/lab3/lab3/basic_system/SDK/SDK_Workspace/hello_world/Debug
  CYGWIN environment variable option "nodosfilewarning" turns off this warning.
  Consult the user's guide for more details about POSIX paths:
    http://cygwin.com/cygwin-ug-net/using.html#using-pathnames
c:/xilinx/14.6/ise_ds/edk/gnu/microblaze/nt/bin/../lib/gcc/microblaze-xilinx-elf/4.6.4/../../../../microblaze-xilinx-elf/lib/bs/m/le\libxil.a(xil_printf.o): In function `padding':
/gnu/mb_gnu/src/newlib/libgloss/microblaze/xil_printf.c:50: undefined reference to `outbyte'
c:/xilinx/14.6/ise_ds/edk/gnu/microblaze/nt/bin/../lib/gcc/microblaze-xilinx-elf/4.6.4/../../../../microblaze-xilinx-elf/lib/bs/m/le\libxil.a(xil_printf.o): In function `outnum':
/gnu/mb_gnu/src/newlib/libgloss/microblaze/xil_printf.c:112: undefined reference to `outbyte'
c:/xilinx/14.6/ise_ds/edk/gnu/microblaze/nt/bin/../lib/gcc/microblaze-xilinx-elf/4.6.4/../../../../microblaze-xilinx-elf/lib/bs/m/le\libxil.a(xil_printf.o): In function `xil_printf':
/gnu/mb_gnu/src/newlib/libgloss/microblaze/xil_printf.c:168: undefined reference to `outbyte'
c:/xilinx/14.6/ise_ds/edk/gnu/microblaze/nt/bin/../lib/gcc/microblaze-xilinx-elf/4.6.4/../../../../microblaze-xilinx-elf/lib/bs/m/le\libxil.a(xil_printf.o): In function `outs':
/gnu/mb_gnu/src/newlib/libgloss/microblaze/xil_printf.c:66: undefined reference to `outbyte'
c:/xilinx/14.6/ise_ds/edk/gnu/microblaze/nt/bin/../lib/gcc/microblaze-xilinx-elf/4.6.4/../../../../microblaze-xilinx-elf/lib/bs/m/le\libxil.a(xil_printf.o): In function `xil_printf':
/gnu/mb_gnu/src/newlib/libgloss/microblaze/xil_printf.c:229: undefined reference to `outbyte'
c:/xilinx/14.6/ise_ds/edk/gnu/microblaze/nt/bin/../lib/gcc/microblaze-xilinx-elf/4.6.4/../../../../microblaze-xilinx-elf/lib/bs/m/le\libxil.a(xil_printf.o):/gnu/mb_gnu/src/newlib/libgloss/microblaze/xil_printf.c:238: more undefined references to `outbyte' follow
./src/helloworld.o: In function `main':
D:\users\ra123_2013\lab3\lab3\basic_system\SDK\SDK_Workspace\hello_world\Debug/../src/helloworld.c:43: undefined reference to `MY_PERIPHERAL_ClearScreen'
collect2: ld returned 1 exit status
make: *** [hello_world.elf] Error 1
12:39:54 **** Clean-only build of configuration Debug for project hello_world ****
make clean 
rm -rf  ./src/helloworld.o ./src/platform.o  ./src/helloworld.d ./src/platform.d  hello_world.elf.size  hello_world.elf.elfcheck  hello_world.elf
 
12:39:55 **** Clean-only build of project hello_world_bsp ****
make -k clean 
rm -rf microblaze_0
12:39:55 **** Build of project hello_world_bsp ****
make -k all 
libgen -hw ../basic_system_hw_platform/system.xml\
	       -lp D:/users/ra123_2013/lab3/lab3/basic_system\
	       -pe microblaze_0 \
	       -log libgen.log \
	       system.mss
libgen
Xilinx EDK 14.6 Build EDK_P.68d
Copyright (c) 1995-2012 Xilinx, Inc.  All rights reserved.

Command Line: libgen -hw ../basic_system_hw_platform/system.xml -lp
D:/users/ra123_2013/lab3/lab3/basic_system -pe microblaze_0 -log libgen.log
system.mss 


Staging source files.
Running DRCs.
Running generate.
Running post_generate.
Running include - 'make -s include "COMPILER=mb-gcc" "ARCHIVER=mb-ar"
"COMPILER_FLAGS=-mlittle-endian -mno-xl-soft-mul -mxl-barrel-shift
-mxl-pattern-compare -mcpu=v8.50.b  -O2 -c" "EXTRA_COMPILER_FLAGS=-g
-ffunction-sections -fdata-sections"'.

Running libs - 'make -s libs "COMPILER=mb-gcc" "ARCHIVER=mb-ar"
"COMPILER_FLAGS=-mlittle-endian -mno-xl-soft-mul -mxl-barrel-shift
-mxl-pattern-compare -mcpu=v8.50.b  -O2 -c" "EXTRA_COMPILER_FLAGS=-g
-ffunction-sections -fdata-sections"'.
Compiling common
Compiling standalone
Compiling uartlite
Compiling bram
Compiling my_peripheral
my_peripheral_selftest.c: In function 'MY_PERIPHERAL_SelfTest':
my_peripheral_selftest.c:70:50: error: 'MY_PERIPHERAL_USER_NUM_REG' undeclared (first use in this function)
my_peripheral_selftest.c:70:50: note: each undeclared identifier is reported only once for each function it appears in
make[1]: *** [libs] Error 1
Compiling cpu
ERROR:EDK:369 -  make failed for target "libs" 
ERROR:EDK:3418 - Error(s) while running make.
make: *** [microblaze_0/lib/libxil.a] Error 2
make: Target `all' not remade because of errors.
12:40:02 **** Build of configuration Debug for project hello_world ****
make all 
Building file: ../src/helloworld.c
Invoking: MicroBlaze gcc compiler
mb-gcc -Wall -O0 -g3 -c -fmessage-length=0 -I../../hello_world_bsp/microblaze_0/include -mlittle-endian -mxl-barrel-shift -mxl-pattern-compare -mcpu=v8.50.b -mno-xl-soft-mul -Wl,--no-relax -ffunction-sections -fdata-sections -MMD -MP -MF"src/helloworld.d" -MT"src/helloworld.d" -o "src/helloworld.o" "../src/helloworld.c"
cygwin warning:
  MS-DOS style path detected: D:\users\ra123_2013\lab3\lab3\basic_system\SDK\SDK_Workspace\hello_world\Debug
  Preferred POSIX equivalent is: /cygdrive/d/users/ra123_2013/lab3/lab3/basic_system/SDK/SDK_Workspace/hello_world/Debug
  CYGWIN environment variable option "nodosfilewarning" turns off this warning.
  Consult the user's guide for more details about POSIX paths:
    http://cygwin.com/cygwin-ug-net/using.html#using-pathnames
Finished building: ../src/helloworld.c
 
Building file: ../src/platform.c
Invoking: MicroBlaze gcc compiler
mb-gcc -Wall -O0 -g3 -c -fmessage-length=0 -I../../hello_world_bsp/microblaze_0/include -mlittle-endian -mxl-barrel-shift -mxl-pattern-compare -mcpu=v8.50.b -mno-xl-soft-mul -Wl,--no-relax -ffunction-sections -fdata-sections -MMD -MP -MF"src/platform.d" -MT"src/platform.d" -o "src/platform.o" "../src/platform.c"
cygwin warning:
  MS-DOS style path detected: D:\users\ra123_2013\lab3\lab3\basic_system\SDK\SDK_Workspace\hello_world\Debug
  Preferred POSIX equivalent is: /cygdrive/d/users/ra123_2013/lab3/lab3/basic_system/SDK/SDK_Workspace/hello_world/Debug
  CYGWIN environment variable option "nodosfilewarning" turns off this warning.
  Consult the user's guide for more details about POSIX paths:
    http://cygwin.com/cygwin-ug-net/using.html#using-pathnames
Finished building: ../src/platform.c
 
Building target: hello_world.elf
Invoking: MicroBlaze gcc linker
mb-gcc -Wl,-T -Wl,../src/lscript.ld -L../../hello_world_bsp/microblaze_0/lib -mlittle-endian -mxl-barrel-shift -mxl-pattern-compare -mcpu=v8.50.b -mno-xl-soft-mul -Wl,--no-relax -Wl,--gc-sections -o "hello_world.elf"  ./src/helloworld.o ./src/platform.o   -Wl,--start-group,-lxil,-lgcc,-lc,--end-group
cygwin warning:
  MS-DOS style path detected: D:\users\ra123_2013\lab3\lab3\basic_system\SDK\SDK_Workspace\hello_world\Debug
  Preferred POSIX equivalent is: /cygdrive/d/users/ra123_2013/lab3/lab3/basic_system/SDK/SDK_Workspace/hello_world/Debug
  CYGWIN environment variable option "nodosfilewarning" turns off this warning.
  Consult the user's guide for more details about POSIX paths:
    http://cygwin.com/cygwin-ug-net/using.html#using-pathnames
c:/xilinx/14.6/ise_ds/edk/gnu/microblaze/nt/bin/../lib/gcc/microblaze-xilinx-elf/4.6.4/../../../../microblaze-xilinx-elf/lib/bs/m/le\libxil.a(xil_printf.o): In function `padding':
/gnu/mb_gnu/src/newlib/libgloss/microblaze/xil_printf.c:50: undefined reference to `outbyte'
[...]
  Consult the user's guide for more details about POSIX paths:
    http://cygwin.com/cygwin-ug-net/using.html#using-pathnames
Finished building target: intc_test.elf
 
Invoking: MicroBlaze Print Size
mb-size intc_test.elf  |tee "intc_test.elf.size"
cygwin warning:
  MS-DOS style path detected: D:\users\ra123_2013\lab6\basic_system\SDK\SDK_Workspace\intc_test\Debug
  Preferred POSIX equivalent is: /cygdrive/d/users/ra123_2013/lab6/basic_system/SDK/SDK_Workspace/intc_test/Debug
  CYGWIN environment variable option "nodosfilewarning" turns off this warning.
  Consult the user's guide for more details about POSIX paths:
    http://cygwin.com/cygwin-ug-net/using.html#using-pathnames
   text	   data	    bss	    dec	    hex	filename
   7178	    316	   2250	   9744	   2610	intc_test.elf
Finished building: intc_test.elf.size
 
Invoking: Xilinx ELF Check
elfcheck intc_test.elf -hw ../../basic_system_hw_platform/system.xml -pe microblaze_0  |tee "intc_test.elf.elfcheck"
cygwin warning:
  MS-DOS style path detected: D:\users\ra123_2013\lab6\basic_system\SDK\SDK_Workspace\intc_test\Debug
  Preferred POSIX equivalent is: /cygdrive/d/users/ra123_2013/lab6/basic_system/SDK/SDK_Workspace/intc_test/Debug
  CYGWIN environment variable option "nodosfilewarning" turns off this warning.
  Consult the user's guide for more details about POSIX paths:
    http://cygwin.com/cygwin-ug-net/using.html#using-pathnames
elfcheck
Xilinx EDK 14.6 Build EDK_P.68d
Copyright (c) 1995-2012 Xilinx, Inc.  All rights reserved.

Command Line: elfcheck -hw ../../basic_system_hw_platform/system.xml -pe
microblaze_0 intc_test.elf 

ELF file	: intc_test.elf
elfcheck passed.
Finished building: intc_test.elf.elfcheck
 
12:57:22 **** Auto Build of configuration Debug for project intc_test ****
make all 
Building file: ../src/helloworld.c
Invoking: MicroBlaze gcc compiler
mb-gcc -Wall -O0 -g3 -c -fmessage-length=0 -I../../hello_world_bsp/microblaze_0/include -mlittle-endian -mxl-barrel-shift -mxl-pattern-compare -mcpu=v8.50.b -mno-xl-soft-mul -Wl,--no-relax -ffunction-sections -fdata-sections -MMD -MP -MF"src/helloworld.d" -MT"src/helloworld.d" -o "src/helloworld.o" "../src/helloworld.c"
cygwin warning:
  MS-DOS style path detected: D:\users\ra123_2013\lab6\basic_system\SDK\SDK_Workspace\intc_test\Debug
  Preferred POSIX equivalent is: /cygdrive/d/users/ra123_2013/lab6/basic_system/SDK/SDK_Workspace/intc_test/Debug
  CYGWIN environment variable option "nodosfilewarning" turns off this warning.
  Consult the user's guide for more details about POSIX paths:
    http://cygwin.com/cygwin-ug-net/using.html#using-pathnames
../src/helloworld.c: In function 'main':
../src/helloworld.c:18:29: warning: unused variable 'value3' [-Wunused-variable]
../src/helloworld.c:18:21: warning: unused variable 'value2' [-Wunused-variable]
Finished building: ../src/helloworld.c
 
Building target: intc_test.elf
Invoking: MicroBlaze gcc linker
mb-gcc -Wl,-T -Wl,../src/lscript.ld -L../../hello_world_bsp/microblaze_0/lib -mlittle-endian -mxl-barrel-shift -mxl-pattern-compare -mcpu=v8.50.b -mno-xl-soft-mul -Wl,--no-relax -Wl,--gc-sections -o "intc_test.elf"  ./src/helloworld.o ./src/platform.o   -Wl,--start-group,-lxil,-lgcc,-lc,--end-group
cygwin warning:
  MS-DOS style path detected: D:\users\ra123_2013\lab6\basic_system\SDK\SDK_Workspace\intc_test\Debug
  Preferred POSIX equivalent is: /cygdrive/d/users/ra123_2013/lab6/basic_system/SDK/SDK_Workspace/intc_test/Debug
  CYGWIN environment variable option "nodosfilewarning" turns off this warning.
  Consult the user's guide for more details about POSIX paths:
    http://cygwin.com/cygwin-ug-net/using.html#using-pathnames
Finished building target: intc_test.elf
 
Invoking: MicroBlaze Print Size
mb-size intc_test.elf  |tee "intc_test.elf.size"
cygwin warning:
  MS-DOS style path detected: D:\users\ra123_2013\lab6\basic_system\SDK\SDK_Workspace\intc_test\Debug
  Preferred POSIX equivalent is: /cygdrive/d/users/ra123_2013/lab6/basic_system/SDK/SDK_Workspace/intc_test/Debug
  CYGWIN environment variable option "nodosfilewarning" turns off this warning.
  Consult the user's guide for more details about POSIX paths:
    http://cygwin.com/cygwin-ug-net/using.html#using-pathnames
   text	   data	    bss	    dec	    hex	filename
   7178	    316	   2250	   9744	   2610	intc_test.elf
Finished building: intc_test.elf.size
 
Invoking: Xilinx ELF Check
elfcheck intc_test.elf -hw ../../basic_system_hw_platform/system.xml -pe microblaze_0  |tee "intc_test.elf.elfcheck"
cygwin warning:
  MS-DOS style path detected: D:\users\ra123_2013\lab6\basic_system\SDK\SDK_Workspace\intc_test\Debug
  Preferred POSIX equivalent is: /cygdrive/d/users/ra123_2013/lab6/basic_system/SDK/SDK_Workspace/intc_test/Debug
  CYGWIN environment variable option "nodosfilewarning" turns off this warning.
  Consult the user's guide for more details about POSIX paths:
    http://cygwin.com/cygwin-ug-net/using.html#using-pathnames
elfcheck
Xilinx EDK 14.6 Build EDK_P.68d
Copyright (c) 1995-2012 Xilinx, Inc.  All rights reserved.

Command Line: elfcheck -hw ../../basic_system_hw_platform/system.xml -pe
microblaze_0 intc_test.elf 

ELF file	: intc_test.elf
elfcheck passed.
Finished building: intc_test.elf.elfcheck
 
16:26:19 **** Auto Build of project hello_world_bsp ****
make -k all 
Finished building libraries
16:26:21 **** Incremental Build of configuration Debug for project hello_world ****
make all 
make: Nothing to be done for `all'.
16:26:22 **** Incremental Build of configuration Debug for project intc_test ****
make all 
make: Nothing to be done for `all'.
16:26:23 **** Incremental Build of configuration Debug for project timer_example ****
make all 
Building file: ../src/xtmrctr_intr_example.c
Invoking: MicroBlaze gcc compiler
mb-gcc -Wall -O0 -g3 -c -fmessage-length=0 -I../../hello_world_bsp/microblaze_0/include -mlittle-endian -mxl-barrel-shift -mxl-pattern-compare -mcpu=v8.50.b -mno-xl-soft-mul -Wl,--no-relax -ffunction-sections -fdata-sections -MMD -MP -MF"src/xtmrctr_intr_example.d" -MT"src/xtmrctr_intr_example.d" -o "src/xtmrctr_intr_example.o" "../src/xtmrctr_intr_example.c"
cygwin warning:
  MS-DOS style path detected: D:\users\ra123_2013\lab6\basic_system\SDK\SDK_Workspace\timer_example\Debug
  Preferred POSIX equivalent is: /cygdrive/d/users/ra123_2013/lab6/basic_system/SDK/SDK_Workspace/timer_example/Debug
  CYGWIN environment variable option "nodosfilewarning" turns off this warning.
  Consult the user's guide for more details about POSIX paths:
    http://cygwin.com/cygwin-ug-net/using.html#using-pathnames
../src/xtmrctr_intr_example.c:139:4: error: unknown type name 'XTmrCtr'
../src/xtmrctr_intr_example.c:145:5: error: unknown type name 'XTmrCtr'
../src/xtmrctr_intr_example.c:158:1: error: unknown type name 'XTmrCtr'
../src/xtmrctr_intr_example.c: In function 'main':
../src/xtmrctr_intr_example.c:194:2: warning: implicit declaration of function 'TmrCtrIntrExample' [-Wimplicit-function-declaration]
../src/xtmrctr_intr_example.c:196:7: error: 'XPAR_TMRCTR_0_DEVICE_ID' undeclared (first use in this function)
../src/xtmrctr_intr_example.c:196:7: note: each undeclared identifier is reported only once for each function it appears in
../src/xtmrctr_intr_example.c:197:7: error: 'XPAR_INTC_0_TMRCTR_0_VEC_ID' undeclared (first use in this function)
../src/xtmrctr_intr_example.c: At top level:
../src/xtmrctr_intr_example.c:234:4: error: unknown type name 'XTmrCtr'
../src/xtmrctr_intr_example.c: In function 'TimerCounterHandler':
../src/xtmrctr_intr_example.c:353:2: error: unknown type name 'XTmrCtr'
../src/xtmrctr_intr_example.c:353:26: error: 'XTmrCtr' undeclared (first use in this function)
../src/xtmrctr_intr_example.c:353:35: error: expected expression before ')' token
../src/xtmrctr_intr_example.c:362:2: warning: implicit declaration of function 'XTmrCtr_IsExpired' [-Wimplicit-function-declaration]
../src/xtmrctr_intr_example.c:365:4: warning: implicit declaration of function 'XTmrCtr_SetOptions' [-Wimplicit-function-declaration]
../src/xtmrctr_intr_example.c: At top level:
../src/xtmrctr_intr_example.c:395:6: error: unknown type name 'XTmrCtr'
make: *** [src/xtmrctr_intr_example.o] Error 1
16:26:33 **** Incremental Build of configuration Debug for project hello_world ****
make all 
make: Nothing to be done for `all'.
16:26:34 **** Incremental Build of configuration Debug for project intc_test ****
make all 
make: Nothing to be done for `all'.
16:26:35 **** Incremental Build of configuration Debug for project timer_example ****
make all 
Building file: ../src/xtmrctr_intr_example.c
Invoking: MicroBlaze gcc compiler
mb-gcc -Wall -O0 -g3 -c -fmessage-length=0 -I../../hello_world_bsp/microblaze_0/include -mlittle-endian -mxl-barrel-shift -mxl-pattern-compare -mcpu=v8.50.b -mno-xl-soft-mul -Wl,--no-relax -ffunction-sections -fdata-sections -MMD -MP -MF"src/xtmrctr_intr_example.d" -MT"src/xtmrctr_intr_example.d" -o "src/xtmrctr_intr_example.o" "../src/xtmrctr_intr_example.c"
cygwin warning:
  MS-DOS style path detected: D:\users\ra123_2013\lab6\basic_system\SDK\SDK_Workspace\timer_example\Debug
  Preferred POSIX equivalent is: /cygdrive/d/users/ra123_2013/lab6/basic_system/SDK/SDK_Workspace/timer_example/Debug
  CYGWIN environment variable option "nodosfilewarning" turns off this warning.
  Consult the user's guide for more details about POSIX paths:
    http://cygwin.com/cygwin-ug-net/using.html#using-pathnames
../src/xtmrctr_intr_example.c:139:4: error: unknown type name 'XTmrCtr'
../src/xtmrctr_intr_example.c:145:5: error: unknown type name 'XTmrCtr'
../src/xtmrctr_intr_example.c:158:1: error: unknown type name 'XTmrCtr'
../src/xtmrctr_intr_example.c: In function 'main':
../src/xtmrctr_intr_example.c:194:2: warning: implicit declaration of function 'TmrCtrIntrExample' [-Wimplicit-function-declaration]
../src/xtmrctr_intr_example.c:196:7: error: 'XPAR_TMRCTR_0_DEVICE_ID' undeclared (first use in this function)
../src/xtmrctr_intr_example.c:196:7: note: each undeclared identifier is reported only once for each function it appears in
../src/xtmrctr_intr_example.c:197:7: error: 'XPAR_INTC_0_TMRCTR_0_VEC_ID' undeclared (first use in this function)
../src/xtmrctr_intr_example.c: At top level:
../src/xtmrctr_intr_example.c:234:4: error: unknown type name 'XTmrCtr'
../src/xtmrctr_intr_example.c: In function 'TimerCounterHandler':
../src/xtmrctr_intr_example.c:353:2: error: unknown type name 'XTmrCtr'
../src/xtmrctr_intr_example.c:353:26: error: 'XTmrCtr' undeclared (first use in this function)
../src/xtmrctr_intr_example.c:353:35: error: expected expression before ')' token
../src/xtmrctr_intr_example.c:362:2: warning: implicit declaration of function 'XTmrCtr_IsExpired' [-Wimplicit-function-declaration]
../src/xtmrctr_intr_example.c:365:4: warning: implicit declaration of function 'XTmrCtr_SetOptions' [-Wimplicit-function-declaration]
../src/xtmrctr_intr_example.c: At top level:
../src/xtmrctr_intr_example.c:395:6: error: unknown type name 'XTmrCtr'
make: *** [src/xtmrctr_intr_example.o] Error 1
14:08:59 **** Build of project hello-world_2_bsp ****
make -k all 
libgen -hw ../basic_system_hw_platform/system.xml\
	       -lp D:/users/ra123_2013/lab6/basic_system\
	       -pe microblaze_0 \
	       -log libgen.log \
	       system.mss
libgen
Xilinx EDK 14.6 Build EDK_P.68d
Copyright (c) 1995-2012 Xilinx, Inc.  All rights reserved.

Command Line: libgen -hw ../basic_system_hw_platform/system.xml -lp
D:/users/ra123_2013/lab6/basic_system -pe microblaze_0 -log libgen.log
system.mss 


Staging source files.
Running DRCs.
Running generate.
Running post_generate.
Running include - 'make -s include "COMPILER=mb-gcc" "ARCHIVER=mb-ar"
"COMPILER_FLAGS=-mlittle-endian -mno-xl-soft-mul -mxl-barrel-shift
-mxl-pattern-compare -mcpu=v8.50.b  -O2 -c" "EXTRA_COMPILER_FLAGS=-g
-ffunction-sections -fdata-sections"'.

Running libs - 'make -s libs "COMPILER=mb-gcc" "ARCHIVER=mb-ar"
"COMPILER_FLAGS=-mlittle-endian -mno-xl-soft-mul -mxl-barrel-shift
-mxl-pattern-compare -mcpu=v8.50.b  -O2 -c" "EXTRA_COMPILER_FLAGS=-g
-ffunction-sections -fdata-sections"'.
Compiling common
Compiling standalone
Compiling intc
Compiling uartlite
Compiling bram
Compiling my_peripheral
Compiling my_timer
Compiling cpu
Running execs_generate.
Finished building libraries
14:09:11 **** Build of configuration Debug for project hello-world_2 ****
make all 
Building file: ../src/helloworld.c
Invoking: MicroBlaze gcc compiler
mb-gcc -Wall -O0 -g3 -c -fmessage-length=0 -I../../hello-world_2_bsp/microblaze_0/include -mlittle-endian -mxl-barrel-shift -mxl-pattern-compare -mcpu=v8.50.b -mno-xl-soft-mul -Wl,--no-relax -ffunction-sections -fdata-sections -MMD -MP -MF"src/helloworld.d" -MT"src/helloworld.d" -o "src/helloworld.o" "../src/helloworld.c"
cygwin warning:
  MS-DOS style path detected: D:\users\ra123_2013\lab6\basic_system\SDK\SDK_Workspace\hello-world_2\Debug
  Preferred POSIX equivalent is: /cygdrive/d/users/ra123_2013/lab6/basic_system/SDK/SDK_Workspace/hello-world_2/Debug
  CYGWIN environment variable option "nodosfilewarning" turns off this warning.
  Consult the user's guide for more details about POSIX paths:
    http://cygwin.com/cygwin-ug-net/using.html#using-pathnames
Finished building: ../src/helloworld.c
 
Building file: ../src/platform.c
Invoking: MicroBlaze gcc compiler
mb-gcc -Wall -O0 -g3 -c -fmessage-length=0 -I../../hello-world_2_bsp/microblaze_0/include -mlittle-endian -mxl-barrel-shift -mxl-pattern-compare -mcpu=v8.50.b -mno-xl-soft-mul -Wl,--no-relax -ffunction-sections -fdata-sections -MMD -MP -MF"src/platform.d" -MT"src/platform.d" -o "src/platform.o" "../src/platform.c"
cygwin warning:
  MS-DOS style path detected: D:\users\ra123_2013\lab6\basic_system\SDK\SDK_Workspace\hello-world_2\Debug
  Preferred POSIX equivalent is: /cygdrive/d/users/ra123_2013/lab6/basic_system/SDK/SDK_Workspace/hello-world_2/Debug
  CYGWIN environment variable option "nodosfilewarning" turns off this warning.
  Consult the user's guide for more details about POSIX paths:
    http://cygwin.com/cygwin-ug-net/using.html#using-pathnames
Finished building: ../src/platform.c
 
Building target: hello-world_2.elf
Invoking: MicroBlaze gcc linker
mb-gcc -Wl,-T -Wl,../src/lscript.ld -L../../hello-world_2_bsp/microblaze_0/lib -mlittle-endian -mxl-barrel-shift -mxl-pattern-compare -mcpu=v8.50.b -mno-xl-soft-mul -Wl,--no-relax -Wl,--gc-sections -o "hello-world_2.elf"  ./src/helloworld.o ./src/platform.o   -Wl,--start-group,-lxil,-lgcc,-lc,--end-group
cygwin warning:
  MS-DOS style path detected: D:\users\ra123_2013\lab6\basic_system\SDK\SDK_Workspace\hello-world_2\Debug
  Preferred POSIX equivalent is: /cygdrive/d/users/ra123_2013/lab6/basic_system/SDK/SDK_Workspace/hello-world_2/Debug
  CYGWIN environment variable option "nodosfilewarning" turns off this warning.
  Consult the user's guide for more details about POSIX paths:
    http://cygwin.com/cygwin-ug-net/using.html#using-pathnames
Finished building target: hello-world_2.elf
 
Invoking: MicroBlaze Print Size
mb-size hello-world_2.elf  |tee "hello-world_2.elf.size"
cygwin warning:
  MS-DOS style path detected: D:\users\ra123_2013\lab6\basic_system\SDK\SDK_Workspace\hello-world_2\Debug
  Preferred POSIX equivalent is: /cygdrive/d/users/ra123_2013/lab6/basic_system/SDK/SDK_Workspace/hello-world_2/Debug
  CYGWIN environment variable option "nodosfilewarning" turns off this warning.
  Consult the user's guide for more details about POSIX paths:
    http://cygwin.com/cygwin-ug-net/using.html#using-pathnames
   text	   data	    bss	    dec	    hex	filename
   2430	    308	   2080	   4818	   12d2	hello-world_2.elf
Finished building: hello-world_2.elf.size
 
Invoking: Xilinx ELF Check
elfcheck hello-world_2.elf -hw ../../basic_system_hw_platform/system.xml -pe microblaze_0  |tee "hello-world_2.elf.elfcheck"
cygwin warning:
  MS-DOS style path detected: D:\users\ra123_2013\lab6\basic_system\SDK\SDK_Workspace\hello-world_2\Debug
  Preferred POSIX equivalent is: /cygdrive/d/users/ra123_2013/lab6/basic_system/SDK/SDK_Workspace/hello-world_2/Debug
  CYGWIN environment variable option "nodosfilewarning" turns off this warning.
  Consult the user's guide for more details about POSIX paths:
    http://cygwin.com/cygwin-ug-net/using.html#using-pathnames
elfcheck
Xilinx EDK 14.6 Build EDK_P.68d
Copyright (c) 1995-2012 Xilinx, Inc.  All rights reserved.

Command Line: elfcheck -hw ../../basic_system_hw_platform/system.xml -pe
microblaze_0 hello-world_2.elf 

ELF file	: hello-world_2.elf
elfcheck passed.
Finished building: hello-world_2.elf.elfcheck
 
14:30:51 **** Auto Build of configuration Debug for project hello_world ****
make all 
Building file: ../src/helloworld.c
Invoking: MicroBlaze gcc compiler
mb-gcc -Wall -O0 -g3 -c -fmessage-length=0 -I../../hello_world_bsp/microblaze_0/include -mlittle-endian -mxl-barrel-shift -mxl-pattern-compare -mcpu=v8.50.b -mno-xl-soft-mul -Wl,--no-relax -ffunction-sections -fdata-sections -MMD -MP -MF"src/helloworld.d" -MT"src/helloworld.d" -o "src/helloworld.o" "../src/helloworld.c"
cygwin warning:
  MS-DOS style path detected: D:\users\ra123_2013\lab6\basic_system\SDK\SDK_Workspace\hello_world\Debug
  Preferred POSIX equivalent is: /cygdrive/d/users/ra123_2013/lab6/basic_system/SDK/SDK_Workspace/hello_world/Debug
  CYGWIN environment variable option "nodosfilewarning" turns off this warning.
  Consult the user's guide for more details about POSIX paths:
    http://cygwin.com/cygwin-ug-net/using.html#using-pathnames
Finished building: ../src/helloworld.c
 
Building target: hello_world.elf
Invoking: MicroBlaze gcc linker
mb-gcc -Wl,-T -Wl,../src/lscript.ld -L../../hello_world_bsp/microblaze_0/lib -mlittle-endian -mxl-barrel-shift -mxl-pattern-compare -mcpu=v8.50.b -mno-xl-soft-mul -Wl,--no-relax -Wl,--gc-sections -o "hello_world.elf"  ./src/helloworld.o ./src/platform.o   -Wl,--start-group,-lxil,-lgcc,-lc,--end-group
cygwin warning:
  MS-DOS style path detected: D:\users\ra123_2013\lab6\basic_system\SDK\SDK_Workspace\hello_world\Debug
  Preferred POSIX equivalent is: /cygdrive/d/users/ra123_2013/lab6/basic_system/SDK/SDK_Workspace/hello_world/Debug
  CYGWIN environment variable option "nodosfilewarning" turns off this warning.
  Consult the user's guide for more details about POSIX paths:
    http://cygwin.com/cygwin-ug-net/using.html#using-pathnames
Finished building target: hello_world.elf
 
Invoking: MicroBlaze Print Size
mb-size hello_world.elf  |tee "hello_world.elf.size"
cygwin warning:
  MS-DOS style path detected: D:\users\ra123_2013\lab6\basic_system\SDK\SDK_Workspace\hello_world\Debug
  Preferred POSIX equivalent is: /cygdrive/d/users/ra123_2013/lab6/basic_system/SDK/SDK_Workspace/hello_world/Debug
  CYGWIN environment variable option "nodosfilewarning" turns off this warning.
  Consult the user's guide for more details about POSIX paths:
    http://cygwin.com/cygwin-ug-net/using.html#using-pathnames
   text	   data	    bss	    dec	    hex	filename
   5242	    312	   2086	   7640	   1dd8	hello_world.elf
Finished building: hello_world.elf.size
 
Invoking: Xilinx ELF Check
elfcheck hello_world.elf -hw ../../basic_system_hw_platform/system.xml -pe microblaze_0  |tee "hello_world.elf.elfcheck"
cygwin warning:
  MS-DOS style path detected: D:\users\ra123_2013\lab6\basic_system\SDK\SDK_Workspace\hello_world\Debug
  Preferred POSIX equivalent is: /cygdrive/d/users/ra123_2013/lab6/basic_system/SDK/SDK_Workspace/hello_world/Debug
  CYGWIN environment variable option "nodosfilewarning" turns off this warning.
  Consult the user's guide for more details about POSIX paths:
    http://cygwin.com/cygwin-ug-net/using.html#using-pathnames
elfcheck
Xilinx EDK 14.6 Build EDK_P.68d
Copyright (c) 1995-2012 Xilinx, Inc.  All rights reserved.

Command Line: elfcheck -hw ../../basic_system_hw_platform/system.xml -pe
microblaze_0 hello_world.elf 

ELF file	: hello_world.elf
elfcheck passed.
Finished building: hello_world.elf.elfcheck
 
