14:09:11 **** Build of configuration Debug for project hello-world_2 ****
make all 
Building file: ../src/helloworld.c
Invoking: MicroBlaze gcc compiler
mb-gcc -Wall -O0 -g3 -c -fmessage-length=0 -I../../hello-world_2_bsp/microblaze_0/include -mlittle-endian -mxl-barrel-shift -mxl-pattern-compare -mcpu=v8.50.b -mno-xl-soft-mul -Wl,--no-relax -ffunction-sections -fdata-sections -MMD -MP -MF"src/helloworld.d" -MT"src/helloworld.d" -o "src/helloworld.o" "../src/helloworld.c"
cygwin warning:
  MS-DOS style path detected: D:\users\ra123_2013\lab6\basic_system\SDK\SDK_Workspace\hello-world_2\Debug
  Preferred POSIX equivalent is: /cygdrive/d/users/ra123_2013/lab6/basic_system/SDK/SDK_Workspace/hello-world_2/Debug
  CYGWIN environment variable option "nodosfilewarning" turns off this warning.
  Consult the user's guide for more details about POSIX paths:
    http://cygwin.com/cygwin-ug-net/using.html#using-pathnames
Finished building: ../src/helloworld.c
 
Building file: ../src/platform.c
Invoking: MicroBlaze gcc compiler
mb-gcc -Wall -O0 -g3 -c -fmessage-length=0 -I../../hello-world_2_bsp/microblaze_0/include -mlittle-endian -mxl-barrel-shift -mxl-pattern-compare -mcpu=v8.50.b -mno-xl-soft-mul -Wl,--no-relax -ffunction-sections -fdata-sections -MMD -MP -MF"src/platform.d" -MT"src/platform.d" -o "src/platform.o" "../src/platform.c"
cygwin warning:
  MS-DOS style path detected: D:\users\ra123_2013\lab6\basic_system\SDK\SDK_Workspace\hello-world_2\Debug
  Preferred POSIX equivalent is: /cygdrive/d/users/ra123_2013/lab6/basic_system/SDK/SDK_Workspace/hello-world_2/Debug
  CYGWIN environment variable option "nodosfilewarning" turns off this warning.
  Consult the user's guide for more details about POSIX paths:
    http://cygwin.com/cygwin-ug-net/using.html#using-pathnames
Finished building: ../src/platform.c
 
Building target: hello-world_2.elf
Invoking: MicroBlaze gcc linker
mb-gcc -Wl,-T -Wl,../src/lscript.ld -L../../hello-world_2_bsp/microblaze_0/lib -mlittle-endian -mxl-barrel-shift -mxl-pattern-compare -mcpu=v8.50.b -mno-xl-soft-mul -Wl,--no-relax -Wl,--gc-sections -o "hello-world_2.elf"  ./src/helloworld.o ./src/platform.o   -Wl,--start-group,-lxil,-lgcc,-lc,--end-group
cygwin warning:
  MS-DOS style path detected: D:\users\ra123_2013\lab6\basic_system\SDK\SDK_Workspace\hello-world_2\Debug
  Preferred POSIX equivalent is: /cygdrive/d/users/ra123_2013/lab6/basic_system/SDK/SDK_Workspace/hello-world_2/Debug
  CYGWIN environment variable option "nodosfilewarning" turns off this warning.
  Consult the user's guide for more details about POSIX paths:
    http://cygwin.com/cygwin-ug-net/using.html#using-pathnames
Finished building target: hello-world_2.elf
 
Invoking: MicroBlaze Print Size
mb-size hello-world_2.elf  |tee "hello-world_2.elf.size"
cygwin warning:
  MS-DOS style path detected: D:\users\ra123_2013\lab6\basic_system\SDK\SDK_Workspace\hello-world_2\Debug
  Preferred POSIX equivalent is: /cygdrive/d/users/ra123_2013/lab6/basic_system/SDK/SDK_Workspace/hello-world_2/Debug
  CYGWIN environment variable option "nodosfilewarning" turns off this warning.
  Consult the user's guide for more details about POSIX paths:
    http://cygwin.com/cygwin-ug-net/using.html#using-pathnames
   text	   data	    bss	    dec	    hex	filename
   2430	    308	   2080	   4818	   12d2	hello-world_2.elf
Finished building: hello-world_2.elf.size
 
Invoking: Xilinx ELF Check
elfcheck hello-world_2.elf -hw ../../basic_system_hw_platform/system.xml -pe microblaze_0  |tee "hello-world_2.elf.elfcheck"
cygwin warning:
  MS-DOS style path detected: D:\users\ra123_2013\lab6\basic_system\SDK\SDK_Workspace\hello-world_2\Debug
  Preferred POSIX equivalent is: /cygdrive/d/users/ra123_2013/lab6/basic_system/SDK/SDK_Workspace/hello-world_2/Debug
  CYGWIN environment variable option "nodosfilewarning" turns off this warning.
  Consult the user's guide for more details about POSIX paths:
    http://cygwin.com/cygwin-ug-net/using.html#using-pathnames
elfcheck
Xilinx EDK 14.6 Build EDK_P.68d
Copyright (c) 1995-2012 Xilinx, Inc.  All rights reserved.

Command Line: elfcheck -hw ../../basic_system_hw_platform/system.xml -pe
microblaze_0 hello-world_2.elf 

ELF file	: hello-world_2.elf
elfcheck passed.
Finished building: hello-world_2.elf.elfcheck
 

14:09:14 Build Finished (took 2s.692ms)

